Archive member included to satisfy reference by file (symbol)

C:/appz/nxp/MCUXpressoIDE_11.10.0_3148/ide/plugins/com.nxp.mcuxpresso.tools.win32_11.10.0.202311280810/tools/bin/../lib/gcc/arm-none-eabi/13.2.1/../../../../arm-none-eabi/lib/thumb/v8-m.main+fp/hard\libcr_nohost_nf.a(_cr__main.o)
                              ./startup/startup_lpc55s69_cm33_core0.o (__main)
C:/appz/nxp/MCUXpressoIDE_11.10.0_3148/ide/plugins/com.nxp.mcuxpresso.tools.win32_11.10.0.202311280810/tools/bin/../lib/gcc/arm-none-eabi/13.2.1/../../../../arm-none-eabi/lib/thumb/v8-m.main+fp/hard\libcr_c.a(memset.o)
                              ./drivers/fsl_clock.o (memset)
C:/appz/nxp/MCUXpressoIDE_11.10.0_3148/ide/plugins/com.nxp.mcuxpresso.tools.win32_11.10.0.202311280810/tools/bin/../lib/gcc/arm-none-eabi/13.2.1/../../../../arm-none-eabi/lib/thumb/v8-m.main+fp/hard\libcr_c.a(alloc.o)
                              ./drivers/fsl_common.o (malloc)
C:/appz/nxp/MCUXpressoIDE_11.10.0_3148/ide/plugins/com.nxp.mcuxpresso.tools.win32_11.10.0.202311280810/tools/bin/../lib/gcc/arm-none-eabi/13.2.1/../../../../arm-none-eabi/lib/thumb/v8-m.main+fp/hard\libcr_c.a(errno.o)
                              ./utilities/fsl_str.o (errno)
C:/appz/nxp/MCUXpressoIDE_11.10.0_3148/ide/plugins/com.nxp.mcuxpresso.tools.win32_11.10.0.202311280810/tools/bin/../lib/gcc/arm-none-eabi/13.2.1/../../../../arm-none-eabi/lib/thumb/v8-m.main+fp/hard\libcr_c.a(initio.o)
                              C:/appz/nxp/MCUXpressoIDE_11.10.0_3148/ide/plugins/com.nxp.mcuxpresso.tools.win32_11.10.0.202311280810/tools/bin/../lib/gcc/arm-none-eabi/13.2.1/../../../../arm-none-eabi/lib/thumb/v8-m.main+fp/hard\libcr_nohost_nf.a(_cr__main.o) (_initio)
C:/appz/nxp/MCUXpressoIDE_11.10.0_3148/ide/plugins/com.nxp.mcuxpresso.tools.win32_11.10.0.202311280810/tools/bin/../lib/gcc/arm-none-eabi/13.2.1/../../../../arm-none-eabi/lib/thumb/v8-m.main+fp/hard\libcr_c.a(scanf.o)
                              ./utilities/fsl_str.o (strtoul)
C:/appz/nxp/MCUXpressoIDE_11.10.0_3148/ide/plugins/com.nxp.mcuxpresso.tools.win32_11.10.0.202311280810/tools/bin/../lib/gcc/arm-none-eabi/13.2.1/../../../../arm-none-eabi/lib/thumb/v8-m.main+fp/hard\libcr_c.a(setvbuf.o)
                              C:/appz/nxp/MCUXpressoIDE_11.10.0_3148/ide/plugins/com.nxp.mcuxpresso.tools.win32_11.10.0.202311280810/tools/bin/../lib/gcc/arm-none-eabi/13.2.1/../../../../arm-none-eabi/lib/thumb/v8-m.main+fp/hard\libcr_c.a(initio.o) (setvbuf)
C:/appz/nxp/MCUXpressoIDE_11.10.0_3148/ide/plugins/com.nxp.mcuxpresso.tools.win32_11.10.0.202311280810/tools/bin/../lib/gcc/arm-none-eabi/13.2.1/../../../../arm-none-eabi/lib/thumb/v8-m.main+fp/hard\libcr_c.a(strlen.o)
                              ./utilities/fsl_debug_console.o (strlen)
C:/appz/nxp/MCUXpressoIDE_11.10.0_3148/ide/plugins/com.nxp.mcuxpresso.tools.win32_11.10.0.202311280810/tools/bin/../lib/gcc/arm-none-eabi/13.2.1/../../../../arm-none-eabi/lib/thumb/v8-m.main+fp/hard\libcr_c.a(ungetc.o)
                              C:/appz/nxp/MCUXpressoIDE_11.10.0_3148/ide/plugins/com.nxp.mcuxpresso.tools.win32_11.10.0.202311280810/tools/bin/../lib/gcc/arm-none-eabi/13.2.1/../../../../arm-none-eabi/lib/thumb/v8-m.main+fp/hard\libcr_c.a(scanf.o) (ungetc)
C:/appz/nxp/MCUXpressoIDE_11.10.0_3148/ide/plugins/com.nxp.mcuxpresso.tools.win32_11.10.0.202311280810/tools/bin/../lib/gcc/arm-none-eabi/13.2.1/../../../../arm-none-eabi/lib/thumb/v8-m.main+fp/hard\libcr_c.a(__fillbuf.o)
                              C:/appz/nxp/MCUXpressoIDE_11.10.0_3148/ide/plugins/com.nxp.mcuxpresso.tools.win32_11.10.0.202311280810/tools/bin/../lib/gcc/arm-none-eabi/13.2.1/../../../../arm-none-eabi/lib/thumb/v8-m.main+fp/hard\libcr_c.a(scanf.o) (__filbuf)
C:/appz/nxp/MCUXpressoIDE_11.10.0_3148/ide/plugins/com.nxp.mcuxpresso.tools.win32_11.10.0.202311280810/tools/bin/../lib/gcc/arm-none-eabi/13.2.1/../../../../arm-none-eabi/lib/thumb/v8-m.main+fp/hard\libcr_c.a(__init_alloc.o)
                              C:/appz/nxp/MCUXpressoIDE_11.10.0_3148/ide/plugins/com.nxp.mcuxpresso.tools.win32_11.10.0.202311280810/tools/bin/../lib/gcc/arm-none-eabi/13.2.1/../../../../arm-none-eabi/lib/thumb/v8-m.main+fp/hard\libcr_c.a(alloc.o) (__heaps)
C:/appz/nxp/MCUXpressoIDE_11.10.0_3148/ide/plugins/com.nxp.mcuxpresso.tools.win32_11.10.0.202311280810/tools/bin/../lib/gcc/arm-none-eabi/13.2.1/../../../../arm-none-eabi/lib/thumb/v8-m.main+fp/hard\libcr_c.a(_cr_sbrk.o)
                              C:/appz/nxp/MCUXpressoIDE_11.10.0_3148/ide/plugins/com.nxp.mcuxpresso.tools.win32_11.10.0.202311280810/tools/bin/../lib/gcc/arm-none-eabi/13.2.1/../../../../arm-none-eabi/lib/thumb/v8-m.main+fp/hard\libcr_c.a(alloc.o) (_sbrk)
C:/appz/nxp/MCUXpressoIDE_11.10.0_3148/ide/plugins/com.nxp.mcuxpresso.tools.win32_11.10.0.202311280810/tools/bin/../lib/gcc/arm-none-eabi/13.2.1/../../../../arm-none-eabi/lib/thumb/v8-m.main+fp/hard\libcr_c.a(_deferredlazyseek.o)
[...]
Memory Configuration

Name             Origin             Length             Attributes
PROGRAM_FLASH    0x00000000         0x0009d800         xr
SRAM             0x20000000         0x00040000         xrw
SRAMX            0x04000000         0x00008000         xrw
USB_RAM          0x40100000         0x00004000         xrw
SRAM4            0x20040000         0x00004000         xrw
*default*        0x00000000         0xffffffff

Linker script and memory map

LOAD ./utilities/fsl_assert.o
LOAD ./utilities/fsl_debug_console.o
LOAD ./utilities/fsl_memcpy.o
LOAD ./utilities/fsl_str.o
LOAD ./startup/boot_multicore_slave.o
LOAD ./startup/startup_lpc55s69_cm33_core0.o
LOAD ./source/hello_world.o
LOAD ./source/semihost_hardfault.o
LOAD ./drivers/fsl_clock.o
LOAD ./drivers/fsl_common.o
LOAD ./drivers/fsl_common_arm.o
LOAD ./drivers/fsl_flexcomm.o
LOAD ./drivers/fsl_gpio.o
LOAD ./drivers/fsl_power.o
LOAD ./drivers/fsl_powerquad_basic.o
LOAD ./drivers/fsl_powerquad_data.o
LOAD ./drivers/fsl_powerquad_filter.o
LOAD ./drivers/fsl_powerquad_math.o
LOAD ./drivers/fsl_powerquad_matrix.o
LOAD ./drivers/fsl_powerquad_transform.o
LOAD ./drivers/fsl_reset.o
LOAD ./drivers/fsl_usart.o
LOAD ./device/system_LPC55S69_cm33_core0.o
LOAD ./component/uart/fsl_adapter_usart.o
LOAD ./component/lists/fsl_component_generic_list.o
LOAD ./board/board.o
LOAD ./board/clock_config.o
LOAD ./board/pin_mux.o
START GROUP
LOAD C:/appz/nxp/MCUXpressoIDE_11.10.0_3148/ide/plugins/com.nxp.mcuxpresso.tools.win32_11.10.0.202311280810/tools/bin/../lib/gcc/arm-none-eabi/13.2.1/../../../../arm-none-eabi/lib/thumb/v8-m.main+fp/hard\libcr_nohost_nf.a
LOAD C:/appz/nxp/MCUXpressoIDE_11.10.0_3148/ide/plugins/com.nxp.mcuxpresso.tools.win32_11.10.0.202311280810/tools/bin/../lib/gcc/arm-none-eabi/13.2.1/../../../../arm-none-eabi/lib/thumb/v8-m.main+fp/hard\libcr_c.a
LOAD C:/appz/nxp/MCUXpressoIDE_11.10.0_3148/ide/plugins/com.nxp.mcuxpresso.tools.win32_11.10.0.202311280810/tools/bin/../lib/gcc/arm-none-eabi/13.2.1/thumb/v8-m.main+fp/hard\libcr_eabihelpers.a
LOAD C:/appz/nxp/MCUXpressoIDE_11.10.0_3148/ide/plugins/com.nxp.mcuxpresso.tools.win32_11.10.0.202311280810/tools/bin/../lib/gcc/arm-none-eabi/13.2.1/thumb/v8-m.main+fp/hard\libgcc.a
END GROUP
                0x00000000                        __base_PROGRAM_FLASH = 0x0
                0x00000000                        __base_Flash = 0x0
                0x0009d800                        __top_PROGRAM_FLASH = 0x9d800
                0x0009d800                        __top_Flash = 0x9d800
                0x20000000                        __base_SRAM = 0x20000000
                0x20000000                        __base_RAM = 0x20000000
                0x20040000                        __top_SRAM = 0x20040000
                0x20040000                        __top_RAM = 0x20040000
                0x04000000                        __base_SRAMX = 0x4000000
                0x04000000                        __base_RAM2 = 0x4000000
                0x04008000                        __top_SRAMX = 0x4008000
                0x04008000                        __top_RAM2 = 0x4008000
                0x40100000                        __base_USB_RAM = 0x40100000
                0x40100000                        __base_RAM3 = 0x40100000
                0x40104000                        __top_USB_RAM = 0x40104000
                0x40104000                        __top_RAM3 = 0x40104000
                0x20040000                        __base_SRAM4 = 0x20040000
                0x20040000                        __base_RAM4 = 0x20040000
                0x20044000                        __top_SRAM4 = 0x20044000
                0x20044000                        __top_RAM4 = 0x20044000

.text           0x00000000     0x3424
 FILL mask 0xff
                0x00000000                        __vectors_start__ = ABSOLUTE (.)
 *(SORT_BY_ALIGNMENT(.isr_vector))
 .isr_vector    0x00000000      0x130 ./startup/startup_lpc55s69_cm33_core0.o
                0x00000000                g_pfnVectors
                0x00000000                __Vectors
                0x00000130                        . = ALIGN (0x4)
                0x00000130                        __section_table_start = .
                0x00000130                        __data_section_table = .
                0x00000130        0x4 LONG 0x3424 LOADADDR (.data)
                0x00000134        0x4 LONG 0x20000000 ADDR (.data)
                0x00000138        0x4 LONG 0x8 SIZEOF (.data)
                0x0000013c        0x4 LONG 0x3424 LOADADDR (.data_RAM2)
                0x00000140        0x4 LONG 0x4000000 ADDR (.data_RAM2)
                0x00000144        0x4 LONG 0x0 SIZEOF (.data_RAM2)
                0x00000148        0x4 LONG 0x3424 LOADADDR (.data_RAM3)
                0x0000014c        0x4 LONG 0x40100000 ADDR (.data_RAM3)
                0x00000150        0x4 LONG 0x0 SIZEOF (.data_RAM3)
                0x00000154        0x4 LONG 0x3424 LOADADDR (.data_RAM4)
                0x00000158        0x4 LONG 0x20040000 ADDR (.data_RAM4)
                0x0000015c        0x4 LONG 0x0 SIZEOF (.data_RAM4)
                0x00000160                        __data_section_table_end = .
                0x00000160                        __bss_section_table = .
                0x00000160        0x4 LONG 0x20000008 ADDR (.bss)
                0x00000164        0x4 LONG 0x11c SIZEOF (.bss)
                0x00000168        0x4 LONG 0x4000000 ADDR (.bss_RAM2)
                0x0000016c        0x4 LONG 0x0 SIZEOF (.bss_RAM2)
                0x00000170        0x4 LONG 0x40100000 ADDR (.bss_RAM3)
                0x00000174        0x4 LONG 0x0 SIZEOF (.bss_RAM3)
                0x00000178        0x4 LONG 0x20040000 ADDR (.bss_RAM4)
                0x0000017c        0x4 LONG 0x0 SIZEOF (.bss_RAM4)
                0x00000180                        __bss_section_table_end = .
                0x00000180                        __section_table_end = .
 *(SORT_BY_ALIGNMENT(.after_vectors*))
 .after_vectors.reset
                0x00000180       0x68 ./startup/startup_lpc55s69_cm33_core0.o
                0x00000180                ResetISR
 .after_vectors.init_data
                0x000001e8       0x1e ./startup/startup_lpc55s69_cm33_core0.o
                0x000001e8                data_init
 .after_vectors.init_bss
                0x00000206       0x12 ./startup/startup_lpc55s69_cm33_core0.o
                0x00000206                bss_init
 .after_vectors
                0x00000218       0x16 ./startup/startup_lpc55s69_cm33_core0.o
                0x00000218                NMI_Handler
                0x0000021c                MemManage_Handler
                0x0000021e                BusFault_Handler
                0x00000220                UsageFault_Handler
                0x00000222                SecureFault_Handler
                0x00000224                SVC_Handler
                0x00000226                DebugMon_Handler
                0x00000228                PendSV_Handler
                0x0000022a                SysTick_Handler
                0x0000022c                Reserved56_DriverIRQHandler
                0x0000022c                PIN_INT0_DriverIRQHandler
                0x0000022c                CTIMER2_DriverIRQHandler
                0x0000022c                PIN_INT2_DriverIRQHandler
                0x0000022c                PIN_INT3_DriverIRQHandler
                0x0000022c                IntDefaultHandler
                0x0000022c                USB0_DriverIRQHandler
                0x0000022c                CASER_DriverIRQHandler
                0x0000022c                MRT0_DriverIRQHandler
                0x0000022c                UTICK0_DriverIRQHandler
                0x0000022c                Reserved41_DriverIRQHandler
                0x0000022c                PIN_INT4_DriverIRQHandler
                0x0000022c                PIN_INT5_DriverIRQHandler
                0x0000022c                SEC_GPIO_INT0_IRQ0_DriverIRQHandler
                0x0000022c                CTIMER4_DriverIRQHandler
                0x0000022c                GINT1_DriverIRQHandler
                0x0000022c                PIN_INT7_DriverIRQHandler
                0x0000022c                Reserved55_DriverIRQHandler
                0x0000022c                SEC_VIO_DriverIRQHandler
                0x0000022c                USB0_NEEDCLK_DriverIRQHandler
                0x0000022c                CTIMER0_DriverIRQHandler
                0x0000022c                CTIMER1_DriverIRQHandler
                0x0000022c                Reserved42_DriverIRQHandler
                0x0000022c                PIN_INT6_DriverIRQHandler
                0x0000022c                PQ_DriverIRQHandler
                0x0000022c                MAILBOX_DriverIRQHandler
                0x0000022c                PIN_INT1_DriverIRQHandler
                0x0000022c                CTIMER3_DriverIRQHandler
                0x0000022c                Reserved61_DriverIRQHandler
                0x0000022c                SEC_GPIO_INT0_IRQ1_DriverIRQHandler
                0x0000022c                PUF_DriverIRQHandler
                0x0000022c                RTC_DriverIRQHandler
                0x0000022c                DMA0_DriverIRQHandler
                0x0000022c                Reserved39_DriverIRQHandler
                0x0000022c                USB1_DriverIRQHandler
                0x0000022c                Reserved60_DriverIRQHandler
                0x0000022c                DMA1_DriverIRQHandler
                0x0000022c                ADC0_DriverIRQHandler
                0x0000022c                USB1_NEEDCLK_DriverIRQHandler
                0x0000022c                Reserved59_DriverIRQHandler
                0x0000022c                SDIO_DriverIRQHandler
                0x0000022c                GINT0_DriverIRQHandler
                0x0000022c                USB1_PHY_DriverIRQHandler
                0x0000022c                ACMP_DriverIRQHandler
                0x0000022c                Reserved57_DriverIRQHandler
                0x0000022c                HASHCRYPT_DriverIRQHandler
                0x0000022c                Reserved46_DriverIRQHandler
                0x0000022c                WDT_BOD_DriverIRQHandler
                0x0000022c                SCT0_DriverIRQHandler
                0x0000022c                PLU_DriverIRQHandler
                0x0000022c                OS_EVENT_DriverIRQHandler
                0x0000022c                SEC_HYPERVISOR_CALL_DriverIRQHandler
 *(SORT_BY_ALIGNMENT(.text*))
 *fill*         0x0000022e        0x2 ff
 .text.__assertion_failed
                0x00000230       0x2c ./utilities/fsl_assert.o
                0x00000230                __assertion_failed
 .text.DbgConsole_Init
                0x0000025c       0x88 ./utilities/fsl_debug_console.o
                0x0000025c                DbgConsole_Init
 .text.DbgConsole_Vprintf
                0x000002e4       0x3c ./utilities/fsl_debug_console.o
                0x000002e4                DbgConsole_Vprintf
 .text.DbgConsole_Putchar
                0x00000320       0x30 ./utilities/fsl_debug_console.o
                0x00000320                DbgConsole_Putchar
 .text.DbgConsole_Getchar
                0x00000350       0x3c ./utilities/fsl_debug_console.o
                0x00000350                DbgConsole_Getchar
 .text.DbgConsole_PrintfFormattedData
                0x0000038c      0x3e0 ./utilities/fsl_debug_console.o
 .text          0x0000076c       0xa0 ./utilities/fsl_memcpy.o
                0x0000076c                memcpy
 .text.POWER_SetBodVbatLevel
                0x0000080c       0x58 ./source/hello_world.o
 .text.main     0x00000864       0x60 ./source/hello_world.o
                0x00000864                main
 .text.POWER_EnablePD
                0x000008c4       0x20 ./drivers/fsl_clock.o
 .text.POWER_DisablePD
                0x000008e4       0x20 ./drivers/fsl_clock.o
 .text.CLOCK_AttachClk
                0x00000904       0xa0 ./drivers/fsl_clock.o
                0x00000904                CLOCK_AttachClk
 .text.CLOCK_SetClkDiv
                0x000009a4       0x80 ./drivers/fsl_clock.o
                0x000009a4                CLOCK_SetClkDiv
 .text.CLOCK_SetupFROClocking
                0x00000a24       0x80 ./drivers/fsl_clock.o
                0x00000a24                CLOCK_SetupFROClocking
 .text.CLOCK_SetFLASHAccessCyclesForFreq
                0x00000aa4      0x17c ./drivers/fsl_clock.o
                0x00000aa4                CLOCK_SetFLASHAccessCyclesForFreq
 .text.CLOCK_SetupExtClocking
                0x00000c20       0x64 ./drivers/fsl_clock.o
                0x00000c20                CLOCK_SetupExtClocking
 .text.CLOCK_GetFro1MFreq
                0x00000c84       0x28 ./drivers/fsl_clock.o
                0x00000c84                CLOCK_GetFro1MFreq
 .text.CLOCK_GetExtClkFreq
                0x00000cac       0x2c ./drivers/fsl_clock.o
                0x00000cac                CLOCK_GetExtClkFreq
 .text.CLOCK_GetOsc32KFreq
                0x00000cd8       0x58 ./drivers/fsl_clock.o
                0x00000cd8                CLOCK_GetOsc32KFreq
 .text.CLOCK_GetPLL0InClockRate
                0x00000d30       0x64 ./drivers/fsl_clock.o
                0x00000d30                CLOCK_GetPLL0InClockRate
 .text.CLOCK_SetPLL0Freq
                0x00000d94      0x14c ./drivers/fsl_clock.o
                0x00000d94                CLOCK_SetPLL0Freq
 .text.SDK_DelayAtLeastUs
                0x00000ee0       0x8c ./drivers/fsl_common_arm.o
                0x00000ee0                SDK_DelayAtLeastUs
 .text.FLEXCOMM_GetInstance
                0x00000f6c       0x4c ./drivers/fsl_flexcomm.o
                0x00000f6c                FLEXCOMM_GetInstance
 .text.FLEXCOMM_Init
                0x00000fb8       0x50 ./drivers/fsl_flexcomm.o
                0x00000fb8                FLEXCOMM_Init
 .text.FLEXCOMM0_DriverIRQHandler
                0x00001008       0x5c ./drivers/fsl_flexcomm.o
                0x00001008                FLEXCOMM0_DriverIRQHandler
 .text.FLEXCOMM1_DriverIRQHandler
                0x00001064       0x5c ./drivers/fsl_flexcomm.o
                0x00001064                FLEXCOMM1_DriverIRQHandler
 .text.FLEXCOMM2_DriverIRQHandler
                0x000010c0       0x5c ./drivers/fsl_flexcomm.o
                0x000010c0                FLEXCOMM2_DriverIRQHandler
 .text.FLEXCOMM3_DriverIRQHandler
                0x0000111c       0x5c ./drivers/fsl_flexcomm.o
                0x0000111c                FLEXCOMM3_DriverIRQHandler
 .text.FLEXCOMM4_DriverIRQHandler
                0x00001178       0x5c ./drivers/fsl_flexcomm.o
                0x00001178                FLEXCOMM4_DriverIRQHandler
 .text.FLEXCOMM5_DriverIRQHandler
                0x000011d4       0x5c ./drivers/fsl_flexcomm.o
                0x000011d4                FLEXCOMM5_DriverIRQHandler
 .text.FLEXCOMM6_DriverIRQHandler
                0x00001230       0x5c ./drivers/fsl_flexcomm.o
                0x00001230                FLEXCOMM6_DriverIRQHandler
 .text.FLEXCOMM7_DriverIRQHandler
                0x0000128c       0x5c ./drivers/fsl_flexcomm.o
                0x0000128c                FLEXCOMM7_DriverIRQHandler
 .text.FLEXCOMM8_DriverIRQHandler
                0x000012e8       0x5c ./drivers/fsl_flexcomm.o
                0x000012e8                FLEXCOMM8_DriverIRQHandler
 .text.lowpower_set_system_voltage
                0x00001344      0x154 ./drivers/fsl_power.o
 .text.lowpower_set_dcdc_power_profile
                0x00001498       0xec ./drivers/fsl_power.o
 .text.lowpower_get_part_process_corner
                0x00001584       0x94 ./drivers/fsl_power.o
 .text.POWER_SetVoltageForFreq
                0x00001618       0x50 ./drivers/fsl_power.o
                0x00001618                POWER_SetVoltageForFreq
 .text.RESET_SetPeripheralReset
                0x00001668       0x5c ./drivers/fsl_reset.o
                0x00001668                RESET_SetPeripheralReset
 .text.RESET_ClearPeripheralReset
                0x000016c4       0x60 ./drivers/fsl_reset.o
                0x000016c4                RESET_ClearPeripheralReset
 .text.USART_Init
                0x00001724      0x1cc ./drivers/fsl_usart.o
                0x00001724                USART_Init
 .text.USART_GetDefaultConfig
                0x000018f0       0x80 ./drivers/fsl_usart.o
                0x000018f0                USART_GetDefaultConfig
 .text.USART_SetBaudRate
                0x00001970      0x18c ./drivers/fsl_usart.o
                0x00001970                USART_SetBaudRate
 .text.USART_WriteBlocking
                0x00001afc       0x8c ./drivers/fsl_usart.o
                0x00001afc                USART_WriteBlocking
 .text.USART_ReadBlocking
                0x00001b88      0x104 ./drivers/fsl_usart.o
                0x00001b88                USART_ReadBlocking
 .text.SystemInit
                0x00001c8c       0x64 ./device/system_LPC55S69_cm33_core0.o
                0x00001c8c                SystemInit
 .text.HAL_UartInitCommon
                0x00001cf0      0x110 ./component/uart/fsl_adapter_usart.o
 .text.HAL_UartReceiveBlocking
                0x00001e00       0x6c ./component/uart/fsl_adapter_usart.o
                0x00001e00                HAL_UartReceiveBlocking
 .text.HAL_UartSendBlocking
                0x00001e6c       0x64 ./component/uart/fsl_adapter_usart.o
                0x00001e6c                HAL_UartSendBlocking
 .text.BOARD_InitDebugConsole
                0x00001ed0       0x38 ./board/board.o
                0x00001ed0                BOARD_InitDebugConsole
 .text.POWER_DisablePD
                0x00001f08       0x20 ./board/clock_config.o
 .text.BOARD_BootClockPLL150M
                0x00001f28       0xe0 ./board/clock_config.o
                0x00001f28                BOARD_BootClockPLL150M
 .text.BOARD_InitPins
                0x00002008       0x50 ./board/pin_mux.o
                0x00002008                BOARD_InitPins
 .text._initio  0x00002058       0x78 C:/appz/nxp/MCUXpressoIDE_11.10.0_3148/ide/plugins/com.nxp.mcuxpresso.tools.win32_11.10.0.202311280810/tools/bin/../lib/gcc/arm-none-eabi/13.2.1/../../../../arm-none-eabi/lib/thumb/v8-m.main+fp/hard\libcr_c.a(initio.o)
                0x00002058                _initio
 .text._Cwritebuf
                0x000020d0       0x6c C:/appz/nxp/MCUXpressoIDE_11.10.0_3148/ide/plugins/com.nxp.mcuxpresso.tools.win32_11.10.0.202311280810/tools/bin/../lib/gcc/arm-none-eabi/13.2.1/../../../../arm-none-eabi/lib/thumb/v8-m.main+fp/hard\libcr_c.a(_writebuf.o)
                0x000020d0                _Cwritebuf
 .text.fflush   0x0000213c       0x3c C:/appz/nxp/MCUXpressoIDE_11.10.0_3148/ide/plugins/com.nxp.mcuxpresso.tools.win32_11.10.0.202311280810/tools/bin/../lib/gcc/arm-none-eabi/13.2.1/../../../../arm-none-eabi/lib/thumb/v8-m.main+fp/hard\libcr_c.a(fflush.o)
                0x0000213c                fflush
 .text.fseek    0x00002178       0xf8 C:/appz/nxp/MCUXpressoIDE_11.10.0_3148/ide/plugins/com.nxp.mcuxpresso.tools.win32_11.10.0.202311280810/tools/bin/../lib/gcc/arm-none-eabi/13.2.1/../../../../arm-none-eabi/lib/thumb/v8-m.main+fp/hard\libcr_c.a(fseek.o)
                0x00002178                fseek
 .text.ftell    0x00002270       0x44 C:/appz/nxp/MCUXpressoIDE_11.10.0_3148/ide/plugins/com.nxp.mcuxpresso.tools.win32_11.10.0.202311280810/tools/bin/../lib/gcc/arm-none-eabi/13.2.1/../../../../arm-none-eabi/lib/thumb/v8-m.main+fp/hard\libcr_c.a(ftell.o)
                0x00002270                ftell
 .text.fsl_assert_hook
                0x000022b4       0x1a ./utilities/fsl_assert.o
                0x000022b4                fsl_assert_hook
 .text.DbgConsole_Printf
                0x000022ce       0x2c ./utilities/fsl_debug_console.o
                0x000022ce                DbgConsole_Printf
 .text.DbgConsole_PrintfPaddingCharacter
                0x000022fa       0x40 ./utilities/fsl_debug_console.o
 .text.DbgConsole_ConvertRadixNumToString
                0x0000233a       0xc2 ./utilities/fsl_debug_console.o
 .text.WDT_BOD_IRQHandler
                0x000023fc        0x8 ./startup/startup_lpc55s69_cm33_core0.o
                0x000023fc                WDT_BOD_IRQHandler
 .text.DMA0_IRQHandler
                0x00002404        0x8 ./startup/startup_lpc55s69_cm33_core0.o
                0x00002404                DMA0_IRQHandler
 .text.GINT0_IRQHandler
                0x0000240c        0x8 ./startup/startup_lpc55s69_cm33_core0.o
                0x0000240c                GINT0_IRQHandler
 .text.GINT1_IRQHandler
                0x00002414        0x8 ./startup/startup_lpc55s69_cm33_core0.o
                0x00002414                GINT1_IRQHandler
 .text.PIN_INT0_IRQHandler
                0x0000241c        0x8 ./startup/startup_lpc55s69_cm33_core0.o
                0x0000241c                PIN_INT0_IRQHandler
 .text.PIN_INT1_IRQHandler
                0x00002424        0x8 ./startup/startup_lpc55s69_cm33_core0.o
                0x00002424                PIN_INT1_IRQHandler
 .text.PIN_INT2_IRQHandler
                0x0000242c        0x8 ./startup/startup_lpc55s69_cm33_core0.o
                0x0000242c                PIN_INT2_IRQHandler
 .text.PIN_INT3_IRQHandler
                0x00002434        0x8 ./startup/startup_lpc55s69_cm33_core0.o
                0x00002434                PIN_INT3_IRQHandler
 .text.UTICK0_IRQHandler
                0x0000243c        0x8 ./startup/startup_lpc55s69_cm33_core0.o
                0x0000243c                UTICK0_IRQHandler
 .text.MRT0_IRQHandler
                0x00002444        0x8 ./startup/startup_lpc55s69_cm33_core0.o
                0x00002444                MRT0_IRQHandler
 .text.CTIMER0_IRQHandler
                0x0000244c        0x8 ./startup/startup_lpc55s69_cm33_core0.o
                0x0000244c                CTIMER0_IRQHandler
 .text.CTIMER1_IRQHandler
                0x00002454        0x8 ./startup/startup_lpc55s69_cm33_core0.o
                0x00002454                CTIMER1_IRQHandler
 .text.SCT0_IRQHandler
                0x0000245c        0x8 ./startup/startup_lpc55s69_cm33_core0.o
                0x0000245c                SCT0_IRQHandler
 .text.CTIMER3_IRQHandler
                0x00002464        0x8 ./startup/startup_lpc55s69_cm33_core0.o
                0x00002464                CTIMER3_IRQHandler
 .text.FLEXCOMM0_IRQHandler
                0x0000246c        0x8 ./startup/startup_lpc55s69_cm33_core0.o
                0x0000246c                FLEXCOMM0_IRQHandler
 .text.FLEXCOMM1_IRQHandler
                0x00002474        0x8 ./startup/startup_lpc55s69_cm33_core0.o
                0x00002474                FLEXCOMM1_IRQHandler
 .text.FLEXCOMM2_IRQHandler
                0x0000247c        0x8 ./startup/startup_lpc55s69_cm33_core0.o
                0x0000247c                FLEXCOMM2_IRQHandler
 .text.FLEXCOMM3_IRQHandler
                0x00002484        0x8 ./startup/startup_lpc55s69_cm33_core0.o
                0x00002484                FLEXCOMM3_IRQHandler
 .text.FLEXCOMM4_IRQHandler
                0x0000248c        0x8 ./startup/startup_lpc55s69_cm33_core0.o
                0x0000248c                FLEXCOMM4_IRQHandler
 .text.FLEXCOMM5_IRQHandler
                0x00002494        0x8 ./startup/startup_lpc55s69_cm33_core0.o
                0x00002494                FLEXCOMM5_IRQHandler
 .text.FLEXCOMM6_IRQHandler
                0x0000249c        0x8 ./startup/startup_lpc55s69_cm33_core0.o
                0x0000249c                FLEXCOMM6_IRQHandler
 .text.FLEXCOMM7_IRQHandler
                0x000024a4        0x8 ./startup/startup_lpc55s69_cm33_core0.o
                0x000024a4                FLEXCOMM7_IRQHandler
 .text.ADC0_IRQHandler
                0x000024ac        0x8 ./startup/startup_lpc55s69_cm33_core0.o
                0x000024ac                ADC0_IRQHandler
 .text.Reserved39_IRQHandler
                0x000024b4        0x8 ./startup/startup_lpc55s69_cm33_core0.o
                0x000024b4                Reserved39_IRQHandler
 .text.ACMP_IRQHandler
                0x000024bc        0x8 ./startup/startup_lpc55s69_cm33_core0.o
                0x000024bc                ACMP_IRQHandler
 .text.Reserved41_IRQHandler
                0x000024c4        0x8 ./startup/startup_lpc55s69_cm33_core0.o
                0x000024c4                Reserved41_IRQHandler
 .text.Reserved42_IRQHandler
                0x000024cc        0x8 ./startup/startup_lpc55s69_cm33_core0.o
                0x000024cc                Reserved42_IRQHandler
 .text.USB0_NEEDCLK_IRQHandler
                0x000024d4        0x8 ./startup/startup_lpc55s69_cm33_core0.o
                0x000024d4                USB0_NEEDCLK_IRQHandler
 .text.USB0_IRQHandler
                0x000024dc        0x8 ./startup/startup_lpc55s69_cm33_core0.o
                0x000024dc                USB0_IRQHandler
 .text.RTC_IRQHandler
                0x000024e4        0x8 ./startup/startup_lpc55s69_cm33_core0.o
                0x000024e4                RTC_IRQHandler
 .text.Reserved46_IRQHandler
                0x000024ec        0x8 ./startup/startup_lpc55s69_cm33_core0.o
                0x000024ec                Reserved46_IRQHandler
 .text.MAILBOX_IRQHandler
                0x000024f4        0x8 ./startup/startup_lpc55s69_cm33_core0.o
                0x000024f4                MAILBOX_IRQHandler
 .text.PIN_INT4_IRQHandler
                0x000024fc        0x8 ./startup/startup_lpc55s69_cm33_core0.o
                0x000024fc                PIN_INT4_IRQHandler
 .text.PIN_INT5_IRQHandler
                0x00002504        0x8 ./startup/startup_lpc55s69_cm33_core0.o
                0x00002504                PIN_INT5_IRQHandler
 .text.PIN_INT6_IRQHandler
                0x0000250c        0x8 ./startup/startup_lpc55s69_cm33_core0.o
                0x0000250c                PIN_INT6_IRQHandler
 .text.PIN_INT7_IRQHandler
                0x00002514        0x8 ./startup/startup_lpc55s69_cm33_core0.o
                0x00002514                PIN_INT7_IRQHandler
 .text.CTIMER2_IRQHandler
                0x0000251c        0x8 ./startup/startup_lpc55s69_cm33_core0.o
                0x0000251c                CTIMER2_IRQHandler
 .text.CTIMER4_IRQHandler
                0x00002524        0x8 ./startup/startup_lpc55s69_cm33_core0.o
                0x00002524                CTIMER4_IRQHandler
 .text.OS_EVENT_IRQHandler
                0x0000252c        0x8 ./startup/startup_lpc55s69_cm33_core0.o
                0x0000252c                OS_EVENT_IRQHandler
 .text.Reserved55_IRQHandler
                0x00002534        0x8 ./startup/startup_lpc55s69_cm33_core0.o
                0x00002534                Reserved55_IRQHandler
 .text.Reserved56_IRQHandler
                0x0000253c        0x8 ./startup/startup_lpc55s69_cm33_core0.o
                0x0000253c                Reserved56_IRQHandler
 .text.Reserved57_IRQHandler
                0x00002544        0x8 ./startup/startup_lpc55s69_cm33_core0.o
                0x00002544                Reserved57_IRQHandler
 .text.SDIO_IRQHandler
                0x0000254c        0x8 ./startup/startup_lpc55s69_cm33_core0.o
                0x0000254c                SDIO_IRQHandler
 .text.Reserved59_IRQHandler
                0x00002554        0x8 ./startup/startup_lpc55s69_cm33_core0.o
                0x00002554                Reserved59_IRQHandler
 .text.Reserved60_IRQHandler
                0x0000255c        0x8 ./startup/startup_lpc55s69_cm33_core0.o
                0x0000255c                Reserved60_IRQHandler
 .text.Reserved61_IRQHandler
                0x00002564        0x8 ./startup/startup_lpc55s69_cm33_core0.o
                0x00002564                Reserved61_IRQHandler
 .text.USB1_PHY_IRQHandler
                0x0000256c        0x8 ./startup/startup_lpc55s69_cm33_core0.o
                0x0000256c                USB1_PHY_IRQHandler
 .text.USB1_IRQHandler
                0x00002574        0x8 ./startup/startup_lpc55s69_cm33_core0.o
                0x00002574                USB1_IRQHandler
 .text.USB1_NEEDCLK_IRQHandler
                0x0000257c        0x8 ./startup/startup_lpc55s69_cm33_core0.o
                0x0000257c                USB1_NEEDCLK_IRQHandler
 .text.SEC_HYPERVISOR_CALL_IRQHandler
                0x00002584        0x8 ./startup/startup_lpc55s69_cm33_core0.o
                0x00002584                SEC_HYPERVISOR_CALL_IRQHandler
 .text.SEC_GPIO_INT0_IRQ0_IRQHandler
                0x0000258c        0x8 ./startup/startup_lpc55s69_cm33_core0.o
                0x0000258c                SEC_GPIO_INT0_IRQ0_IRQHandler
 .text.SEC_GPIO_INT0_IRQ1_IRQHandler
                0x00002594        0x8 ./startup/startup_lpc55s69_cm33_core0.o
                0x00002594                SEC_GPIO_INT0_IRQ1_IRQHandler
 .text.PLU_IRQHandler
                0x0000259c        0x8 ./startup/startup_lpc55s69_cm33_core0.o
                0x0000259c                PLU_IRQHandler
 .text.SEC_VIO_IRQHandler
                0x000025a4        0x8 ./startup/startup_lpc55s69_cm33_core0.o
                0x000025a4                SEC_VIO_IRQHandler
 .text.HASHCRYPT_IRQHandler
                0x000025ac        0x8 ./startup/startup_lpc55s69_cm33_core0.o
                0x000025ac                HASHCRYPT_IRQHandler
 .text.CASER_IRQHandler
                0x000025b4        0x8 ./startup/startup_lpc55s69_cm33_core0.o
                0x000025b4                CASER_IRQHandler
 .text.PUF_IRQHandler
                0x000025bc        0x8 ./startup/startup_lpc55s69_cm33_core0.o
                0x000025bc                PUF_IRQHandler
 .text.PQ_IRQHandler
                0x000025c4        0x8 ./startup/startup_lpc55s69_cm33_core0.o
                0x000025c4                PQ_IRQHandler
 .text.DMA1_IRQHandler
                0x000025cc        0x8 ./startup/startup_lpc55s69_cm33_core0.o
                0x000025cc                DMA1_IRQHandler
 .text.FLEXCOMM8_IRQHandler
                0x000025d4        0x8 ./startup/startup_lpc55s69_cm33_core0.o
                0x000025d4                FLEXCOMM8_IRQHandler
 .text.HardFault_Handler
                0x000025dc       0x36 ./source/semihost_hardfault.o
                0x000025dc                HardFault_Handler
 .text.CLOCK_IsPLL0Locked
                0x00002612       0x24 ./drivers/fsl_clock.o
 .text.findPll0PreDiv
                0x00002636       0x3e ./drivers/fsl_clock.o
 .text.DelayLoop
                0x00002674       0x20 ./drivers/fsl_common_arm.o
 .text.CLOCK_EnableClock
                0x00002694       0x30 ./drivers/fsl_flexcomm.o
 .text.FLEXCOMM_PeripheralIsPresent
                0x000026c4       0x64 ./drivers/fsl_flexcomm.o
 .text.FLEXCOMM_SetPeriph
                0x00002728       0x74 ./drivers/fsl_flexcomm.o
 .text.lowpower_set_voltage_for_process
                0x0000279c       0xaa ./drivers/fsl_power.o
 .text.RESET_PeripheralReset
                0x00002846       0x1c ./drivers/fsl_reset.o
                0x00002846                RESET_PeripheralReset
 .text.USART_EnableContinuousSCLK
                0x00002862       0x38 ./drivers/fsl_usart.o
 .text.SystemInitHook
                0x0000289a        0xe ./device/system_LPC55S69_cm33_core0.o
                0x0000289a                SystemInitHook
 .text.HAL_UartGetStatus
                0x000028a8       0x22 ./component/uart/fsl_adapter_usart.o
 .text.HAL_UartInit
                0x000028ca       0x36 ./component/uart/fsl_adapter_usart.o
                0x000028ca                HAL_UartInit
 .text.BOARD_InitBootClocks
                0x00002900        0xc ./board/clock_config.o
                0x00002900                BOARD_InitBootClocks
 .text.CLOCK_EnableClock
                0x0000290c       0x30 ./board/pin_mux.o
 .text.IOCON_PinMuxSet
                0x0000293c       0x2e ./board/pin_mux.o
 .text.BOARD_InitBootPins
                0x0000296a        0xc ./board/pin_mux.o
                0x0000296a                BOARD_InitBootPins
 .text.__main   0x00002976        0xe C:/appz/nxp/MCUXpressoIDE_11.10.0_3148/ide/plugins/com.nxp.mcuxpresso.tools.win32_11.10.0.202311280810/tools/bin/../lib/gcc/arm-none-eabi/13.2.1/../../../../arm-none-eabi/lib/thumb/v8-m.main+fp/hard\libcr_nohost_nf.a(_cr__main.o)
                0x00002976                __main
 .text.memset   0x00002984        0x4 C:/appz/nxp/MCUXpressoIDE_11.10.0_3148/ide/plugins/com.nxp.mcuxpresso.tools.win32_11.10.0.202311280810/tools/bin/../lib/gcc/arm-none-eabi/13.2.1/../../../../arm-none-eabi/lib/thumb/v8-m.main+fp/hard\libcr_c.a(memset.o)
                0x00002984                memset
 .text.free     0x00002988       0x30 C:/appz/nxp/MCUXpressoIDE_11.10.0_3148/ide/plugins/com.nxp.mcuxpresso.tools.win32_11.10.0.202311280810/tools/bin/../lib/gcc/arm-none-eabi/13.2.1/../../../../arm-none-eabi/lib/thumb/v8-m.main+fp/hard\libcr_c.a(alloc.o)
                0x00002988                free
 .text.setvbuf  0x000029b8       0x3e C:/appz/nxp/MCUXpressoIDE_11.10.0_3148/ide/plugins/com.nxp.mcuxpresso.tools.win32_11.10.0.202311280810/tools/bin/../lib/gcc/arm-none-eabi/13.2.1/../../../../arm-none-eabi/lib/thumb/v8-m.main+fp/hard\libcr_c.a(setvbuf.o)
                0x000029b8                setvbuf
 .text.strlen   0x000029f6       0x4e C:/appz/nxp/MCUXpressoIDE_11.10.0_3148/ide/plugins/com.nxp.mcuxpresso.tools.win32_11.10.0.202311280810/tools/bin/../lib/gcc/arm-none-eabi/13.2.1/../../../../arm-none-eabi/lib/thumb/v8-m.main+fp/hard\libcr_c.a(strlen.o)
                0x000029f6                strlen
 .text._deferredlazyseek
                0x00002a44       0x40 C:/appz/nxp/MCUXpressoIDE_11.10.0_3148/ide/plugins/com.nxp.mcuxpresso.tools.win32_11.10.0.202311280810/tools/bin/../lib/gcc/arm-none-eabi/13.2.1/../../../../arm-none-eabi/lib/thumb/v8-m.main+fp/hard\libcr_c.a(_deferredlazyseek.o)
                0x00002a44                _deferredlazyseek
 .text._fdopen  0x00002a84       0x68 C:/appz/nxp/MCUXpressoIDE_11.10.0_3148/ide/plugins/com.nxp.mcuxpresso.tools.win32_11.10.0.202311280810/tools/bin/../lib/gcc/arm-none-eabi/13.2.1/../../../../arm-none-eabi/lib/thumb/v8-m.main+fp/hard\libcr_c.a(_fdopen.o)
                0x00002a84                _fdopen
 .text._fflush  0x00002aec       0x52 C:/appz/nxp/MCUXpressoIDE_11.10.0_3148/ide/plugins/com.nxp.mcuxpresso.tools.win32_11.10.0.202311280810/tools/bin/../lib/gcc/arm-none-eabi/13.2.1/../../../../arm-none-eabi/lib/thumb/v8-m.main+fp/hard\libcr_c.a(_fflush.o)
                0x00002aec                _fflush
 .text.fclose   0x00002b3e       0x58 C:/appz/nxp/MCUXpressoIDE_11.10.0_3148/ide/plugins/com.nxp.mcuxpresso.tools.win32_11.10.0.202311280810/tools/bin/../lib/gcc/arm-none-eabi/13.2.1/../../../../arm-none-eabi/lib/thumb/v8-m.main+fp/hard\libcr_c.a(fclose.o)
                0x00002b3e                fclose
 .text.remove   0x00002b96       0x14 C:/appz/nxp/MCUXpressoIDE_11.10.0_3148/ide/plugins/com.nxp.mcuxpresso.tools.win32_11.10.0.202311280810/tools/bin/../lib/gcc/arm-none-eabi/13.2.1/../../../../arm-none-eabi/lib/thumb/v8-m.main+fp/hard\libcr_c.a(remove.o)
                0x00002b96                remove
 .text._do_fflush
                0x00002baa       0x40 C:/appz/nxp/MCUXpressoIDE_11.10.0_3148/ide/plugins/com.nxp.mcuxpresso.tools.win32_11.10.0.202311280810/tools/bin/../lib/gcc/arm-none-eabi/13.2.1/../../../../arm-none-eabi/lib/thumb/v8-m.main+fp/hard\libcr_c.a(_do_fflush.o)
                0x00002baa                _do_fflush
 .text.__aeabi_division_uldivmod
                0x00002bea      0x174 C:/appz/nxp/MCUXpressoIDE_11.10.0_3148/ide/plugins/com.nxp.mcuxpresso.tools.win32_11.10.0.202311280810/tools/bin/../lib/gcc/arm-none-eabi/13.2.1/thumb/v8-m.main+fp/hard\libcr_eabihelpers.a(division_64.o)
                0x00002bea                __aeabi_uldivmod
                0x00002bee                __bhs_ldivmod1
 .text.__aeabi_division_idiv0
                0x00002d5e        0x2 C:/appz/nxp/MCUXpressoIDE_11.10.0_3148/ide/plugins/com.nxp.mcuxpresso.tools.win32_11.10.0.202311280810/tools/bin/../lib/gcc/arm-none-eabi/13.2.1/thumb/v8-m.main+fp/hard\libcr_eabihelpers.a(division_idiv0.o)
                0x00002d5e                __aeabi_idiv0
 .text.__aeabi_memset_lowlevel
                0x00002d60       0x32 C:/appz/nxp/MCUXpressoIDE_11.10.0_3148/ide/plugins/com.nxp.mcuxpresso.tools.win32_11.10.0.202311280810/tools/bin/../lib/gcc/arm-none-eabi/13.2.1/thumb/v8-m.main+fp/hard\libcr_eabihelpers.a(memcpy.o)
                0x00002d60                __aeabi_lowlevel_memset
 .text.__sys_close
                0x00002d92        0x6 C:/appz/nxp/MCUXpressoIDE_11.10.0_3148/ide/plugins/com.nxp.mcuxpresso.tools.win32_11.10.0.202311280810/tools/bin/../lib/gcc/arm-none-eabi/13.2.1/../../../../arm-none-eabi/lib/thumb/v8-m.main+fp/hard\libcr_nohost_nf.a(__sys_close.o)
                0x00002d92                __sys_close
 .text.__sys_flen
                0x00002d98        0x6 C:/appz/nxp/MCUXpressoIDE_11.10.0_3148/ide/plugins/com.nxp.mcuxpresso.tools.win32_11.10.0.202311280810/tools/bin/../lib/gcc/arm-none-eabi/13.2.1/../../../../arm-none-eabi/lib/thumb/v8-m.main+fp/hard\libcr_nohost_nf.a(__sys_flen.o)
                0x00002d98                __sys_flen
 .text.__sys_istty
                0x00002d9e        0x6 C:/appz/nxp/MCUXpressoIDE_11.10.0_3148/ide/plugins/com.nxp.mcuxpresso.tools.win32_11.10.0.202311280810/tools/bin/../lib/gcc/arm-none-eabi/13.2.1/../../../../arm-none-eabi/lib/thumb/v8-m.main+fp/hard\libcr_nohost_nf.a(__sys_istty.o)
                0x00002d9e                __sys_istty
 .text.__sys_remove
                0x00002da4        0x6 C:/appz/nxp/MCUXpressoIDE_11.10.0_3148/ide/plugins/com.nxp.mcuxpresso.tools.win32_11.10.0.202311280810/tools/bin/../lib/gcc/arm-none-eabi/13.2.1/../../../../arm-none-eabi/lib/thumb/v8-m.main+fp/hard\libcr_nohost_nf.a(__sys_remove.o)
                0x00002da4                __sys_remove
 .text.__sys_seek
                0x00002daa        0x6 C:/appz/nxp/MCUXpressoIDE_11.10.0_3148/ide/plugins/com.nxp.mcuxpresso.tools.win32_11.10.0.202311280810/tools/bin/../lib/gcc/arm-none-eabi/13.2.1/../../../../arm-none-eabi/lib/thumb/v8-m.main+fp/hard\libcr_nohost_nf.a(__sys_seek.o)
                0x00002daa                __sys_seek
 .text.__sys_tmpnam
                0x00002db0        0x6 C:/appz/nxp/MCUXpressoIDE_11.10.0_3148/ide/plugins/com.nxp.mcuxpresso.tools.win32_11.10.0.202311280810/tools/bin/../lib/gcc/arm-none-eabi/13.2.1/../../../../arm-none-eabi/lib/thumb/v8-m.main+fp/hard\libcr_nohost_nf.a(__sys_tmpnam.o)
                0x00002db0                __sys_tmpnam
 .text.__sys_write
                0x00002db6        0x4 C:/appz/nxp/MCUXpressoIDE_11.10.0_3148/ide/plugins/com.nxp.mcuxpresso.tools.win32_11.10.0.202311280810/tools/bin/../lib/gcc/arm-none-eabi/13.2.1/../../../../arm-none-eabi/lib/thumb/v8-m.main+fp/hard\libcr_nohost_nf.a(__sys_write.o)
                0x00002db6                __sys_write
 *(SORT_BY_ALIGNMENT(.rodata) SORT_BY_ALIGNMENT(.rodata.*) SORT_BY_ALIGNMENT(.constdata) SORT_BY_ALIGNMENT(.constdata.*))
 *fill*         0x00002dba        0x2 ff
 .rodata.__assertion_failed.str1.4
                0x00002dbc      0x5e1 ./utilities/fsl_assert.o
                                 0x14 (size before relaxing)
 .rodata.main.str1.4
                0x0000339d        0xf ./source/hello_world.o
 .rodata.SDK_DelayAtLeastUs.str1.4
                0x0000339d       0x2b ./drivers/fsl_common_arm.o
 *fill*         0x0000339d        0x3 ff
 .rodata.s_flexcommBaseAddrs
                0x000033a0       0x24 ./drivers/fsl_flexcomm.o
 .rodata.s_flexcommClocks
                0x000033c4       0x12 ./drivers/fsl_flexcomm.o
 *fill*         0x000033d6        0x2 ff
 .rodata.s_flexcommResets
                0x000033d8       0x24 ./drivers/fsl_flexcomm.o
 .rodata.FLEXCOMM_GetInstance.str1.4
                0x000033fc       0x41 ./drivers/fsl_flexcomm.o
 .rodata.FLEXCOMM0_DriverIRQHandler.str1.4
                0x000033fc       0x3c ./drivers/fsl_flexcomm.o
 .rodata.FLEXCOMM1_DriverIRQHandler.str1.4
                0x000033fc       0x3c ./drivers/fsl_flexcomm.o
 .rodata.FLEXCOMM2_DriverIRQHandler.str1.4
                0x000033fc       0x3c ./drivers/fsl_flexcomm.o
 .rodata.FLEXCOMM3_DriverIRQHandler.str1.4
                0x000033fc       0x3c ./drivers/fsl_flexcomm.o
 .rodata.FLEXCOMM4_DriverIRQHandler.str1.4
                0x000033fc       0x3c ./drivers/fsl_flexcomm.o
 .rodata.FLEXCOMM5_DriverIRQHandler.str1.4
                0x000033fc       0x3c ./drivers/fsl_flexcomm.o
 .rodata.FLEXCOMM6_DriverIRQHandler.str1.4
                0x000033fc       0x3c ./drivers/fsl_flexcomm.o
 .rodata.FLEXCOMM7_DriverIRQHandler.str1.4
                0x000033fc       0x3c ./drivers/fsl_flexcomm.o
 .rodata.FLEXCOMM8_DriverIRQHandler.str1.4
                0x000033fc       0x3c ./drivers/fsl_flexcomm.o
 .rodata.RESET_SetPeripheralReset.str1.4
                0x000033fc       0x1e ./drivers/fsl_reset.o
 .rodata.RESET_ClearPeripheralReset.str1.4
                0x000033fc       0x1e ./drivers/fsl_reset.o
 .rodata.USART_Init.str1.4
                0x000033fc       0x4f ./drivers/fsl_usart.o
 .rodata.USART_GetDefaultConfig.str1.4
                0x000033fc       0x21 ./drivers/fsl_usart.o
 .rodata.USART_SetBaudRate.str1.4
                0x000033fc       0x53 ./drivers/fsl_usart.o
 .rodata.USART_WriteBlocking.str1.4
                0x000033fc       0x36 ./drivers/fsl_usart.o
 .rodata.USART_ReadBlocking.str1.4
                0x000033fc       0x36 ./drivers/fsl_usart.o
 .rodata.s_UsartAdapterBase
                0x000033fc       0x20 ./component/uart/fsl_adapter_usart.o
 .rodata.HAL_UartInitCommon.str1.4
                0x0000341c       0xeb ./component/uart/fsl_adapter_usart.o
 .rodata.HAL_UartReceiveBlocking.str1.4
                0x0000341c       0x65 ./component/uart/fsl_adapter_usart.o
 .rodata.HAL_UartSendBlocking.str1.4
                0x0000341c       0x65 ./component/uart/fsl_adapter_usart.o
 .rodata.__num_Ciob_streams
                0x0000341c        0x4 C:/appz/nxp/MCUXpressoIDE_11.10.0_3148/ide/plugins/com.nxp.mcuxpresso.tools.win32_11.10.0.202311280810/tools/bin/../lib/gcc/arm-none-eabi/13.2.1/../../../../arm-none-eabi/lib/thumb/v8-m.main+fp/hard\libcr_nohost_nf.a(__ciob.o)
                0x0000341c                __num_Ciob_streams
 .rodata._initio.str1.1
                0x00003420        0x4 C:/appz/nxp/MCUXpressoIDE_11.10.0_3148/ide/plugins/com.nxp.mcuxpresso.tools.win32_11.10.0.202311280810/tools/bin/../lib/gcc/arm-none-eabi/13.2.1/../../../../arm-none-eabi/lib/thumb/v8-m.main+fp/hard\libcr_c.a(initio.o)
                0x00003508                        . = ALIGN (0x4)

.glue_7         0x00003424        0x0
 .glue_7        0x00003424        0x0 linker stubs

.glue_7t        0x00003424        0x0
 .glue_7t       0x00003424        0x0 linker stubs

.vfp11_veneer   0x00003424        0x0
 .vfp11_veneer  0x00003424        0x0 linker stubs

.v4_bx          0x00003424        0x0
 .v4_bx         0x00003424        0x0 linker stubs

.iplt           0x00003424        0x0
 .iplt          0x00003424        0x0 ./utilities/fsl_assert.o

.rel.dyn        0x00003424        0x0
 .rel.iplt      0x00003424        0x0 ./utilities/fsl_assert.o

.ARM.extab
 *(SORT_BY_ALIGNMENT(.ARM.extab*) SORT_BY_ALIGNMENT(.gnu.linkonce.armextab.*))

.ARM.exidx      0x00003424        0x0
                0x00003424                        __exidx_start = .
 *(SORT_BY_ALIGNMENT(.ARM.exidx*) SORT_BY_ALIGNMENT(.gnu.linkonce.armexidx.*))
                0x00003424                        __exidx_end = .
                0x00003424                        _etext = .

.m_usb_data
 *(SORT_BY_ALIGNMENT(m_usb_global))

.data_RAM2      0x04000000        0x0 load address 0x00003424
 FILL mask 0xff
                [!provide]                        PROVIDE (__start_data_RAM2 = .)
                [!provide]                        PROVIDE (__start_data_SRAMX = .)
 *(SORT_BY_ALIGNMENT(.ramfunc.$RAM2))
 *(SORT_BY_ALIGNMENT(.ramfunc.$SRAMX))
 *(SORT_BY_ALIGNMENT(.data.$RAM2))
 *(SORT_BY_ALIGNMENT(.data.$SRAMX))
 *(SORT_BY_ALIGNMENT(.data.$RAM2.*))
 *(SORT_BY_ALIGNMENT(.data.$SRAMX.*))
                0x04000000                        . = ALIGN (0x4)
                [!provide]                        PROVIDE (__end_data_RAM2 = .)
                [!provide]                        PROVIDE (__end_data_SRAMX = .)

.data_RAM3      0x40100000        0x0 load address 0x00003424
 FILL mask 0xff
                [!provide]                        PROVIDE (__start_data_RAM3 = .)
                [!provide]                        PROVIDE (__start_data_USB_RAM = .)
 *(SORT_BY_ALIGNMENT(.ramfunc.$RAM3))
 *(SORT_BY_ALIGNMENT(.ramfunc.$USB_RAM))
 *(SORT_BY_ALIGNMENT(.data.$RAM3))
 *(SORT_BY_ALIGNMENT(.data.$USB_RAM))
 *(SORT_BY_ALIGNMENT(.data.$RAM3.*))
 *(SORT_BY_ALIGNMENT(.data.$USB_RAM.*))
                0x40100000                        . = ALIGN (0x4)
                [!provide]                        PROVIDE (__end_data_RAM3 = .)
                [!provide]                        PROVIDE (__end_data_USB_RAM = .)

.data_RAM4      0x20040000        0x0 load address 0x00003424
 FILL mask 0xff
                [!provide]                        PROVIDE (__start_data_RAM4 = .)
                [!provide]                        PROVIDE (__start_data_SRAM4 = .)
 *(SORT_BY_ALIGNMENT(.ramfunc.$RAM4))
 *(SORT_BY_ALIGNMENT(.ramfunc.$SRAM4))
 *(SORT_BY_ALIGNMENT(.data.$RAM4))
 *(SORT_BY_ALIGNMENT(.data.$SRAM4))
 *(SORT_BY_ALIGNMENT(.data.$RAM4.*))
 *(SORT_BY_ALIGNMENT(.data.$SRAM4.*))
                0x20040000                        . = ALIGN (0x4)
                [!provide]                        PROVIDE (__end_data_RAM4 = .)
                [!provide]                        PROVIDE (__end_data_SRAM4 = .)

.uninit_RESERVED
                0x20000000        0x0
                0x20000000                        _start_uninit_RESERVED = .
 *(SORT_BY_ALIGNMENT(.bss.$RESERVED*))
                0x20000000                        . = ALIGN (0x4)
                0x20000000                        _end_uninit_RESERVED = .

.data           0x20000000        0x8 load address 0x00003424
 FILL mask 0xff
                0x20000000                        _data = .
                [!provide]                        PROVIDE (__start_data_RAM = .)
                [!provide]                        PROVIDE (__start_data_SRAM = .)
 *(SORT_BY_ALIGNMENT(vtable))
 *(SORT_BY_ALIGNMENT(.ramfunc*))
 *(SORT_BY_ALIGNMENT(CodeQuickAccess))
 *(SORT_BY_ALIGNMENT(DataQuickAccess))
 *(SORT_BY_ALIGNMENT(RamFunction))
 *(SORT_BY_ALIGNMENT(.data*))
 .data.s_Ext_Clk_Freq
                0x20000000        0x4 ./drivers/fsl_clock.o
 .data.SystemCoreClock
                0x20000004        0x4 ./device/system_LPC55S69_cm33_core0.o
                0x20000004                SystemCoreClock
                0x20000008                        . = ALIGN (0x4)
                0x20000008                        _edata = .
                [!provide]                        PROVIDE (__end_data_RAM = .)
                [!provide]                        PROVIDE (__end_data_SRAM = .)

.igot.plt       0x20000008        0x0 load address 0x0000342c
 .igot.plt      0x20000008        0x0 ./utilities/fsl_assert.o

.bss_RAM2       0x04000000        0x0
                [!provide]                        PROVIDE (__start_bss_RAM2 = .)
                [!provide]                        PROVIDE (__start_bss_SRAMX = .)
 *(SORT_BY_ALIGNMENT(.bss.$RAM2))
 *(SORT_BY_ALIGNMENT(.bss.$SRAMX))
 *(SORT_BY_ALIGNMENT(.bss.$RAM2.*))
 *(SORT_BY_ALIGNMENT(.bss.$SRAMX.*))
                0x04000000                        . = ALIGN ((. != 0x0)?0x4:0x1)
                [!provide]                        PROVIDE (__end_bss_RAM2 = .)
                [!provide]                        PROVIDE (__end_bss_SRAMX = .)

.bss_RAM3       0x40100000        0x0
                [!provide]                        PROVIDE (__start_bss_RAM3 = .)
                [!provide]                        PROVIDE (__start_bss_USB_RAM = .)
 *(SORT_BY_ALIGNMENT(.bss.$RAM3))
 *(SORT_BY_ALIGNMENT(.bss.$USB_RAM))
 *(SORT_BY_ALIGNMENT(.bss.$RAM3.*))
 *(SORT_BY_ALIGNMENT(.bss.$USB_RAM.*))
                0x40100000                        . = ALIGN ((. != 0x0)?0x4:0x1)
                [!provide]                        PROVIDE (__end_bss_RAM3 = .)
                [!provide]                        PROVIDE (__end_bss_USB_RAM = .)

.bss_RAM4       0x20040000        0x0
                [!provide]                        PROVIDE (__start_bss_RAM4 = .)
                [!provide]                        PROVIDE (__start_bss_SRAM4 = .)
 *(SORT_BY_ALIGNMENT(.bss.$RAM4))
 *(SORT_BY_ALIGNMENT(.bss.$SRAM4))
 *(SORT_BY_ALIGNMENT(.bss.$RAM4.*))
 *(SORT_BY_ALIGNMENT(.bss.$SRAM4.*))
                0x20040000                        . = ALIGN ((. != 0x0)?0x4:0x1)
                [!provide]                        PROVIDE (__end_bss_RAM4 = .)
                [!provide]                        PROVIDE (__end_bss_SRAM4 = .)

.bss            0x20000008      0x11c
                0x20000008                        _bss = .
                [!provide]                        PROVIDE (__start_bss_RAM = .)
                [!provide]                        PROVIDE (__start_bss_SRAM = .)
 *(SORT_BY_ALIGNMENT(.bss*))
 .bss.s_debugConsole
                0x20000008       0x14 ./utilities/fsl_debug_console.o
 .bss.s_Pll0_Freq
                0x2000001c        0x4 ./drivers/fsl_clock.o
 .bss.s_flexcommIrqHandler
                0x20000020       0x24 ./drivers/fsl_flexcomm.o
 .bss.s_flexcommHandle
                0x20000044       0x24 ./drivers/fsl_flexcomm.o
 .bss.errno     0x20000068        0x4 C:/appz/nxp/MCUXpressoIDE_11.10.0_3148/ide/plugins/com.nxp.mcuxpresso.tools.win32_11.10.0.202311280810/tools/bin/../lib/gcc/arm-none-eabi/13.2.1/../../../../arm-none-eabi/lib/thumb/v8-m.main+fp/hard\libcr_c.a(errno.o)
                0x20000068                errno
 .bss.__Ciob    0x2000006c       0xb4 C:/appz/nxp/MCUXpressoIDE_11.10.0_3148/ide/plugins/com.nxp.mcuxpresso.tools.win32_11.10.0.202311280810/tools/bin/../lib/gcc/arm-none-eabi/13.2.1/../../../../arm-none-eabi/lib/thumb/v8-m.main+fp/hard\libcr_nohost_nf.a(__ciob.o)
                0x2000006c                __Ciob
 .bss.ch        0x20000120        0x1 ./source/hello_world.o
                0x20000120                ch
 *(SORT_BY_ALIGNMENT(COMMON))
                0x20000124                        . = ALIGN (0x4)
 *fill*         0x20000121        0x3 
                0x20000124                        _ebss = .
                [!provide]                        PROVIDE (__end_bss_RAM = .)
                [!provide]                        PROVIDE (__end_bss_SRAM = .)
                [!provide]                        PROVIDE (end = .)

.noinit_RAM2    0x04000000        0x0
                [!provide]                        PROVIDE (__start_noinit_RAM2 = .)
                [!provide]                        PROVIDE (__start_noinit_SRAMX = .)
 *(SORT_BY_ALIGNMENT(.noinit.$RAM2))
 *(SORT_BY_ALIGNMENT(.noinit.$SRAMX))
 *(SORT_BY_ALIGNMENT(.noinit.$RAM2.*))
 *(SORT_BY_ALIGNMENT(.noinit.$SRAMX.*))
                0x04000000                        . = ALIGN (0x4)
                [!provide]                        PROVIDE (__end_noinit_RAM2 = .)
                [!provide]                        PROVIDE (__end_noinit_SRAMX = .)

.noinit_RAM3    0x40100000        0x0
                [!provide]                        PROVIDE (__start_noinit_RAM3 = .)
                [!provide]                        PROVIDE (__start_noinit_USB_RAM = .)
 *(SORT_BY_ALIGNMENT(.noinit.$RAM3))
 *(SORT_BY_ALIGNMENT(.noinit.$USB_RAM))
 *(SORT_BY_ALIGNMENT(.noinit.$RAM3.*))
 *(SORT_BY_ALIGNMENT(.noinit.$USB_RAM.*))
                0x40100000                        . = ALIGN (0x4)
                [!provide]                        PROVIDE (__end_noinit_RAM3 = .)
                [!provide]                        PROVIDE (__end_noinit_USB_RAM = .)

.noinit_RAM4    0x20040000        0x0
                [!provide]                        PROVIDE (__start_noinit_RAM4 = .)
                [!provide]                        PROVIDE (__start_noinit_SRAM4 = .)
 *(SORT_BY_ALIGNMENT(.noinit.$RAM4))
 *(SORT_BY_ALIGNMENT(.noinit.$SRAM4))
 *(SORT_BY_ALIGNMENT(.noinit.$RAM4.*))
 *(SORT_BY_ALIGNMENT(.noinit.$SRAM4.*))
                0x20040000                        . = ALIGN (0x4)
                [!provide]                        PROVIDE (__end_noinit_RAM4 = .)
                [!provide]                        PROVIDE (__end_noinit_SRAM4 = .)

.noinit         0x20000124        0x0
                0x20000124                        _noinit = .
                [!provide]                        PROVIDE (__start_noinit_RAM = .)
                [!provide]                        PROVIDE (__start_noinit_SRAM = .)
 *(SORT_BY_ALIGNMENT(.noinit*))
                0x20000124                        . = ALIGN (0x4)
                0x20000124                        _end_noinit = .
                [!provide]                        PROVIDE (__end_noinit_RAM = .)
                [!provide]                        PROVIDE (__end_noinit_SRAM = .)
                0x00001000                        _HeapSize = 0x1000

.heap           0x20000124     0x1000
                0x20000124                        _pvHeapStart = .
                0x20001124                        . = (. + _HeapSize)
 *fill*         0x20000124     0x1000 
                0x20001124                        . = ALIGN (0x4)
                0x20001124                        _pvHeapLimit = .
                0x00001000                        _StackSize = 0x1000

.heap2stackfill
                0x20001124     0x1000
                0x20002124                        . = (. + _StackSize)
 *fill*         0x20001124     0x1000 

.stack          0x2003f000        0x0
                0x2003f000                        _vStackBase = .
                0x2003f000                        . = ALIGN (0x4)
                0x20040000                        _vStackTop = (. + _StackSize)
                [!provide]                        PROVIDE (__valid_user_code_checksum = (0x0 - ((((((_vStackTop + (ResetISR + 0x1)) + (NMI_Handler + 0x1)) + (HardFault_Handler + 0x1)) + (DEFINED (MemManage_Handler)?MemManage_Handler:0x0 + 0x1)) + (DEFINED (BusFault_Handler)?BusFault_Handler:0x0 + 0x1)) + (DEFINED (UsageFault_Handler)?UsageFault_Handler:0x0 + 0x1))))
                0x00000000                        _image_start = LOADADDR (.text)
                0x0000342c                        _image_end = (LOADADDR (.data) + SIZEOF (.data))
                0x0000342c                        _image_size = (_image_end - _image_start)
OUTPUT(lpcxpresso55s69_hello_world.axf elf32-littlearm)
LOAD linker stubs

.debug_info     0x00000000    0x155a6
 .debug_info    0x00000000      0x12e ./utilities/fsl_assert.o
 .debug_info    0x0000012e      0xd38 ./utilities/fsl_debug_console.o
 .debug_info    0x00000e66       0x24 ./utilities/fsl_memcpy.o
 .debug_info    0x00000e8a      0x9d0 ./startup/startup_lpc55s69_cm33_core0.o
 .debug_info    0x0000185a     0x17bc ./source/hello_world.o
 .debug_info    0x00003016       0x3c ./source/semihost_hardfault.o
 .debug_info    0x00003052     0x340f ./drivers/fsl_clock.o
 .debug_info    0x00006461      0x623 ./drivers/fsl_common_arm.o
 .debug_info    0x00006a84     0x1b2e ./drivers/fsl_flexcomm.o
 .debug_info    0x000085b2     0x2b16 ./drivers/fsl_power.o
 .debug_info    0x0000b0c8      0xf02 ./drivers/fsl_reset.o
 .debug_info    0x0000bfca     0x19bb ./drivers/fsl_usart.o
 .debug_info    0x0000d985     0x14f8 ./device/system_LPC55S69_cm33_core0.o
 .debug_info    0x0000ee7d      0xd6e ./component/uart/fsl_adapter_usart.o
 .debug_info    0x0000fbeb      0x8c8 ./board/board.o
 .debug_info    0x000104b3     0x181d ./board/clock_config.o
 .debug_info    0x00011cd0      0xf8a ./board/pin_mux.o
 .debug_info    0x00012c5a       0x85 C:/appz/nxp/MCUXpressoIDE_11.10.0_3148/ide/plugins/com.nxp.mcuxpresso.tools.win32_11.10.0.202311280810/tools/bin/../lib/gcc/arm-none-eabi/13.2.1/../../../../arm-none-eabi/lib/thumb/v8-m.main+fp/hard\libcr_nohost_nf.a(_cr__main.o)
 .debug_info    0x00012cdf       0xfc C:/appz/nxp/MCUXpressoIDE_11.10.0_3148/ide/plugins/com.nxp.mcuxpresso.tools.win32_11.10.0.202311280810/tools/bin/../lib/gcc/arm-none-eabi/13.2.1/../../../../arm-none-eabi/lib/thumb/v8-m.main+fp/hard\libcr_c.a(memset.o)
 .debug_info    0x00012ddb      0x520 C:/appz/nxp/MCUXpressoIDE_11.10.0_3148/ide/plugins/com.nxp.mcuxpresso.tools.win32_11.10.0.202311280810/tools/bin/../lib/gcc/arm-none-eabi/13.2.1/../../../../arm-none-eabi/lib/thumb/v8-m.main+fp/hard\libcr_c.a(alloc.o)
 .debug_info    0x000132fb       0x44 C:/appz/nxp/MCUXpressoIDE_11.10.0_3148/ide/plugins/com.nxp.mcuxpresso.tools.win32_11.10.0.202311280810/tools/bin/../lib/gcc/arm-none-eabi/13.2.1/../../../../arm-none-eabi/lib/thumb/v8-m.main+fp/hard\libcr_c.a(errno.o)
 .debug_info    0x0001333f      0x339 C:/appz/nxp/MCUXpressoIDE_11.10.0_3148/ide/plugins/com.nxp.mcuxpresso.tools.win32_11.10.0.202311280810/tools/bin/../lib/gcc/arm-none-eabi/13.2.1/../../../../arm-none-eabi/lib/thumb/v8-m.main+fp/hard\libcr_c.a(initio.o)
 .debug_info    0x00013678      0x1fd C:/appz/nxp/MCUXpressoIDE_11.10.0_3148/ide/plugins/com.nxp.mcuxpresso.tools.win32_11.10.0.202311280810/tools/bin/../lib/gcc/arm-none-eabi/13.2.1/../../../../arm-none-eabi/lib/thumb/v8-m.main+fp/hard\libcr_c.a(setvbuf.o)
 .debug_info    0x00013875       0xe1 C:/appz/nxp/MCUXpressoIDE_11.10.0_3148/ide/plugins/com.nxp.mcuxpresso.tools.win32_11.10.0.202311280810/tools/bin/../lib/gcc/arm-none-eabi/13.2.1/../../../../arm-none-eabi/lib/thumb/v8-m.main+fp/hard\libcr_c.a(strlen.o)
 .debug_info    0x00013956      0x369 C:/appz/nxp/MCUXpressoIDE_11.10.0_3148/ide/plugins/com.nxp.mcuxpresso.tools.win32_11.10.0.202311280810/tools/bin/../lib/gcc/arm-none-eabi/13.2.1/../../../../arm-none-eabi/lib/thumb/v8-m.main+fp/hard\libcr_c.a(_deferredlazyseek.o)
 .debug_info    0x00013cbf      0x24b C:/appz/nxp/MCUXpressoIDE_11.10.0_3148/ide/plugins/com.nxp.mcuxpresso.tools.win32_11.10.0.202311280810/tools/bin/../lib/gcc/arm-none-eabi/13.2.1/../../../../arm-none-eabi/lib/thumb/v8-m.main+fp/hard\libcr_c.a(_fdopen.o)
 .debug_info    0x00013f0a      0x1e3 C:/appz/nxp/MCUXpressoIDE_11.10.0_3148/ide/plugins/com.nxp.mcuxpresso.tools.win32_11.10.0.202311280810/tools/bin/../lib/gcc/arm-none-eabi/13.2.1/../../../../arm-none-eabi/lib/thumb/v8-m.main+fp/hard\libcr_c.a(_fflush.o)
 .debug_info    0x000140ed      0x289 C:/appz/nxp/MCUXpressoIDE_11.10.0_3148/ide/plugins/com.nxp.mcuxpresso.tools.win32_11.10.0.202311280810/tools/bin/../lib/gcc/arm-none-eabi/13.2.1/../../../../arm-none-eabi/lib/thumb/v8-m.main+fp/hard\libcr_c.a(_writebuf.o)
 .debug_info    0x00014376      0x318 C:/appz/nxp/MCUXpressoIDE_11.10.0_3148/ide/plugins/com.nxp.mcuxpresso.tools.win32_11.10.0.202311280810/tools/bin/../lib/gcc/arm-none-eabi/13.2.1/../../../../arm-none-eabi/lib/thumb/v8-m.main+fp/hard\libcr_c.a(fclose.o)
 .debug_info    0x0001468e      0x209 C:/appz/nxp/MCUXpressoIDE_11.10.0_3148/ide/plugins/com.nxp.mcuxpresso.tools.win32_11.10.0.202311280810/tools/bin/../lib/gcc/arm-none-eabi/13.2.1/../../../../arm-none-eabi/lib/thumb/v8-m.main+fp/hard\libcr_c.a(fflush.o)
 .debug_info    0x00014897      0x276 C:/appz/nxp/MCUXpressoIDE_11.10.0_3148/ide/plugins/com.nxp.mcuxpresso.tools.win32_11.10.0.202311280810/tools/bin/../lib/gcc/arm-none-eabi/13.2.1/../../../../arm-none-eabi/lib/thumb/v8-m.main+fp/hard\libcr_c.a(fseek.o)
 .debug_info    0x00014b0d      0x197 C:/appz/nxp/MCUXpressoIDE_11.10.0_3148/ide/plugins/com.nxp.mcuxpresso.tools.win32_11.10.0.202311280810/tools/bin/../lib/gcc/arm-none-eabi/13.2.1/../../../../arm-none-eabi/lib/thumb/v8-m.main+fp/hard\libcr_c.a(ftell.o)
 .debug_info    0x00014ca4      0x1d7 C:/appz/nxp/MCUXpressoIDE_11.10.0_3148/ide/plugins/com.nxp.mcuxpresso.tools.win32_11.10.0.202311280810/tools/bin/../lib/gcc/arm-none-eabi/13.2.1/../../../../arm-none-eabi/lib/thumb/v8-m.main+fp/hard\libcr_c.a(remove.o)
 .debug_info    0x00014e7b      0x23a C:/appz/nxp/MCUXpressoIDE_11.10.0_3148/ide/plugins/com.nxp.mcuxpresso.tools.win32_11.10.0.202311280810/tools/bin/../lib/gcc/arm-none-eabi/13.2.1/../../../../arm-none-eabi/lib/thumb/v8-m.main+fp/hard\libcr_c.a(_do_fflush.o)
 .debug_info    0x000150b5      0x18b C:/appz/nxp/MCUXpressoIDE_11.10.0_3148/ide/plugins/com.nxp.mcuxpresso.tools.win32_11.10.0.202311280810/tools/bin/../lib/gcc/arm-none-eabi/13.2.1/../../../../arm-none-eabi/lib/thumb/v8-m.main+fp/hard\libcr_nohost_nf.a(__ciob.o)
 .debug_info    0x00015240       0x6a C:/appz/nxp/MCUXpressoIDE_11.10.0_3148/ide/plugins/com.nxp.mcuxpresso.tools.win32_11.10.0.202311280810/tools/bin/../lib/gcc/arm-none-eabi/13.2.1/../../../../arm-none-eabi/lib/thumb/v8-m.main+fp/hard\libcr_nohost_nf.a(__sys_close.o)
 .debug_info    0x000152aa       0x6a C:/appz/nxp/MCUXpressoIDE_11.10.0_3148/ide/plugins/com.nxp.mcuxpresso.tools.win32_11.10.0.202311280810/tools/bin/../lib/gcc/arm-none-eabi/13.2.1/../../../../arm-none-eabi/lib/thumb/v8-m.main+fp/hard\libcr_nohost_nf.a(__sys_flen.o)
 .debug_info    0x00015314       0x6a C:/appz/nxp/MCUXpressoIDE_11.10.0_3148/ide/plugins/com.nxp.mcuxpresso.tools.win32_11.10.0.202311280810/tools/bin/../lib/gcc/arm-none-eabi/13.2.1/../../../../arm-none-eabi/lib/thumb/v8-m.main+fp/hard\libcr_nohost_nf.a(__sys_istty.o)
 .debug_info    0x0001537e       0x8a C:/appz/nxp/MCUXpressoIDE_11.10.0_3148/ide/plugins/com.nxp.mcuxpresso.tools.win32_11.10.0.202311280810/tools/bin/../lib/gcc/arm-none-eabi/13.2.1/../../../../arm-none-eabi/lib/thumb/v8-m.main+fp/hard\libcr_nohost_nf.a(__sys_remove.o)
 .debug_info    0x00015408       0x78 C:/appz/nxp/MCUXpressoIDE_11.10.0_3148/ide/plugins/com.nxp.mcuxpresso.tools.win32_11.10.0.202311280810/tools/bin/../lib/gcc/arm-none-eabi/13.2.1/../../../../arm-none-eabi/lib/thumb/v8-m.main+fp/hard\libcr_nohost_nf.a(__sys_seek.o)
 .debug_info    0x00015480       0x93 C:/appz/nxp/MCUXpressoIDE_11.10.0_3148/ide/plugins/com.nxp.mcuxpresso.tools.win32_11.10.0.202311280810/tools/bin/../lib/gcc/arm-none-eabi/13.2.1/../../../../arm-none-eabi/lib/thumb/v8-m.main+fp/hard\libcr_nohost_nf.a(__sys_tmpnam.o)
 .debug_info    0x00015513       0x93 C:/appz/nxp/MCUXpressoIDE_11.10.0_3148/ide/plugins/com.nxp.mcuxpresso.tools.win32_11.10.0.202311280810/tools/bin/../lib/gcc/arm-none-eabi/13.2.1/../../../../arm-none-eabi/lib/thumb/v8-m.main+fp/hard\libcr_nohost_nf.a(__sys_write.o)

.debug_abbrev   0x00000000     0x3636
 .debug_abbrev  0x00000000       0xbd ./utilities/fsl_assert.o
 .debug_abbrev  0x000000bd      0x26b ./utilities/fsl_debug_console.o
 .debug_abbrev  0x00000328       0x14 ./utilities/fsl_memcpy.o
 .debug_abbrev  0x0000033c      0x147 ./startup/startup_lpc55s69_cm33_core0.o
 .debug_abbrev  0x00000483      0x201 ./source/hello_world.o
 .debug_abbrev  0x00000684       0x31 ./source/semihost_hardfault.o
 .debug_abbrev  0x000006b5      0x3a8 ./drivers/fsl_clock.o
 .debug_abbrev  0x00000a5d      0x17b ./drivers/fsl_common_arm.o
 .debug_abbrev  0x00000bd8      0x2be ./drivers/fsl_flexcomm.o
 .debug_abbrev  0x00000e96      0x368 ./drivers/fsl_power.o
 .debug_abbrev  0x000011fe      0x182 ./drivers/fsl_reset.o
 .debug_abbrev  0x00001380      0x3d5 ./drivers/fsl_usart.o
 .debug_abbrev  0x00001755      0x216 ./device/system_LPC55S69_cm33_core0.o
 .debug_abbrev  0x0000196b      0x249 ./component/uart/fsl_adapter_usart.o
 .debug_abbrev  0x00001bb4      0x113 ./board/board.o
 .debug_abbrev  0x00001cc7      0x226 ./board/clock_config.o
 .debug_abbrev  0x00001eed      0x1d9 ./board/pin_mux.o
 .debug_abbrev  0x000020c6       0x70 C:/appz/nxp/MCUXpressoIDE_11.10.0_3148/ide/plugins/com.nxp.mcuxpresso.tools.win32_11.10.0.202311280810/tools/bin/../lib/gcc/arm-none-eabi/13.2.1/../../../../arm-none-eabi/lib/thumb/v8-m.main+fp/hard\libcr_nohost_nf.a(_cr__main.o)
 .debug_abbrev  0x00002136       0xa8 C:/appz/nxp/MCUXpressoIDE_11.10.0_3148/ide/plugins/com.nxp.mcuxpresso.tools.win32_11.10.0.202311280810/tools/bin/../lib/gcc/arm-none-eabi/13.2.1/../../../../arm-none-eabi/lib/thumb/v8-m.main+fp/hard\libcr_c.a(memset.o)
 .debug_abbrev  0x000021de      0x284 C:/appz/nxp/MCUXpressoIDE_11.10.0_3148/ide/plugins/com.nxp.mcuxpresso.tools.win32_11.10.0.202311280810/tools/bin/../lib/gcc/arm-none-eabi/13.2.1/../../../../arm-none-eabi/lib/thumb/v8-m.main+fp/hard\libcr_c.a(alloc.o)
 .debug_abbrev  0x00002462       0x44 C:/appz/nxp/MCUXpressoIDE_11.10.0_3148/ide/plugins/com.nxp.mcuxpresso.tools.win32_11.10.0.202311280810/tools/bin/../lib/gcc/arm-none-eabi/13.2.1/../../../../arm-none-eabi/lib/thumb/v8-m.main+fp/hard\libcr_c.a(errno.o)
 .debug_abbrev  0x000024a6      0x169 C:/appz/nxp/MCUXpressoIDE_11.10.0_3148/ide/plugins/com.nxp.mcuxpresso.tools.win32_11.10.0.202311280810/tools/bin/../lib/gcc/arm-none-eabi/13.2.1/../../../../arm-none-eabi/lib/thumb/v8-m.main+fp/hard\libcr_c.a(initio.o)
 .debug_abbrev  0x0000260f       0xe1 C:/appz/nxp/MCUXpressoIDE_11.10.0_3148/ide/plugins/com.nxp.mcuxpresso.tools.win32_11.10.0.202311280810/tools/bin/../lib/gcc/arm-none-eabi/13.2.1/../../../../arm-none-eabi/lib/thumb/v8-m.main+fp/hard\libcr_c.a(setvbuf.o)
 .debug_abbrev  0x000026f0       0xa7 C:/appz/nxp/MCUXpressoIDE_11.10.0_3148/ide/plugins/com.nxp.mcuxpresso.tools.win32_11.10.0.202311280810/tools/bin/../lib/gcc/arm-none-eabi/13.2.1/../../../../arm-none-eabi/lib/thumb/v8-m.main+fp/hard\libcr_c.a(strlen.o)
 .debug_abbrev  0x00002797      0x152 C:/appz/nxp/MCUXpressoIDE_11.10.0_3148/ide/plugins/com.nxp.mcuxpresso.tools.win32_11.10.0.202311280810/tools/bin/../lib/gcc/arm-none-eabi/13.2.1/../../../../arm-none-eabi/lib/thumb/v8-m.main+fp/hard\libcr_c.a(_deferredlazyseek.o)
 .debug_abbrev  0x000028e9      0x119 C:/appz/nxp/MCUXpressoIDE_11.10.0_3148/ide/plugins/com.nxp.mcuxpresso.tools.win32_11.10.0.202311280810/tools/bin/../lib/gcc/arm-none-eabi/13.2.1/../../../../arm-none-eabi/lib/thumb/v8-m.main+fp/hard\libcr_c.a(_fdopen.o)
 .debug_abbrev  0x00002a02       0xf1 C:/appz/nxp/MCUXpressoIDE_11.10.0_3148/ide/plugins/com.nxp.mcuxpresso.tools.win32_11.10.0.202311280810/tools/bin/../lib/gcc/arm-none-eabi/13.2.1/../../../../arm-none-eabi/lib/thumb/v8-m.main+fp/hard\libcr_c.a(_fflush.o)
 .debug_abbrev  0x00002af3      0x126 C:/appz/nxp/MCUXpressoIDE_11.10.0_3148/ide/plugins/com.nxp.mcuxpresso.tools.win32_11.10.0.202311280810/tools/bin/../lib/gcc/arm-none-eabi/13.2.1/../../../../arm-none-eabi/lib/thumb/v8-m.main+fp/hard\libcr_c.a(_writebuf.o)
 .debug_abbrev  0x00002c19      0x155 C:/appz/nxp/MCUXpressoIDE_11.10.0_3148/ide/plugins/com.nxp.mcuxpresso.tools.win32_11.10.0.202311280810/tools/bin/../lib/gcc/arm-none-eabi/13.2.1/../../../../arm-none-eabi/lib/thumb/v8-m.main+fp/hard\libcr_c.a(fclose.o)
 .debug_abbrev  0x00002d6e      0x125 C:/appz/nxp/MCUXpressoIDE_11.10.0_3148/ide/plugins/com.nxp.mcuxpresso.tools.win32_11.10.0.202311280810/tools/bin/../lib/gcc/arm-none-eabi/13.2.1/../../../../arm-none-eabi/lib/thumb/v8-m.main+fp/hard\libcr_c.a(fflush.o)
 .debug_abbrev  0x00002e93      0x11b C:/appz/nxp/MCUXpressoIDE_11.10.0_3148/ide/plugins/com.nxp.mcuxpresso.tools.win32_11.10.0.202311280810/tools/bin/../lib/gcc/arm-none-eabi/13.2.1/../../../../arm-none-eabi/lib/thumb/v8-m.main+fp/hard\libcr_c.a(fseek.o)
 .debug_abbrev  0x00002fae       0xc2 C:/appz/nxp/MCUXpressoIDE_11.10.0_3148/ide/plugins/com.nxp.mcuxpresso.tools.win32_11.10.0.202311280810/tools/bin/../lib/gcc/arm-none-eabi/13.2.1/../../../../arm-none-eabi/lib/thumb/v8-m.main+fp/hard\libcr_c.a(ftell.o)
 .debug_abbrev  0x00003070       0xfb C:/appz/nxp/MCUXpressoIDE_11.10.0_3148/ide/plugins/com.nxp.mcuxpresso.tools.win32_11.10.0.202311280810/tools/bin/../lib/gcc/arm-none-eabi/13.2.1/../../../../arm-none-eabi/lib/thumb/v8-m.main+fp/hard\libcr_c.a(remove.o)
 .debug_abbrev  0x0000316b      0x12c C:/appz/nxp/MCUXpressoIDE_11.10.0_3148/ide/plugins/com.nxp.mcuxpresso.tools.win32_11.10.0.202311280810/tools/bin/../lib/gcc/arm-none-eabi/13.2.1/../../../../arm-none-eabi/lib/thumb/v8-m.main+fp/hard\libcr_c.a(_do_fflush.o)
 .debug_abbrev  0x00003297       0xb5 C:/appz/nxp/MCUXpressoIDE_11.10.0_3148/ide/plugins/com.nxp.mcuxpresso.tools.win32_11.10.0.202311280810/tools/bin/../lib/gcc/arm-none-eabi/13.2.1/../../../../arm-none-eabi/lib/thumb/v8-m.main+fp/hard\libcr_nohost_nf.a(__ciob.o)
 .debug_abbrev  0x0000334c       0x5c C:/appz/nxp/MCUXpressoIDE_11.10.0_3148/ide/plugins/com.nxp.mcuxpresso.tools.win32_11.10.0.202311280810/tools/bin/../lib/gcc/arm-none-eabi/13.2.1/../../../../arm-none-eabi/lib/thumb/v8-m.main+fp/hard\libcr_nohost_nf.a(__sys_close.o)
 .debug_abbrev  0x000033a8       0x5c C:/appz/nxp/MCUXpressoIDE_11.10.0_3148/ide/plugins/com.nxp.mcuxpresso.tools.win32_11.10.0.202311280810/tools/bin/../lib/gcc/arm-none-eabi/13.2.1/../../../../arm-none-eabi/lib/thumb/v8-m.main+fp/hard\libcr_nohost_nf.a(__sys_flen.o)
 .debug_abbrev  0x00003404       0x5c C:/appz/nxp/MCUXpressoIDE_11.10.0_3148/ide/plugins/com.nxp.mcuxpresso.tools.win32_11.10.0.202311280810/tools/bin/../lib/gcc/arm-none-eabi/13.2.1/../../../../arm-none-eabi/lib/thumb/v8-m.main+fp/hard\libcr_nohost_nf.a(__sys_istty.o)
 .debug_abbrev  0x00003460       0x7d C:/appz/nxp/MCUXpressoIDE_11.10.0_3148/ide/plugins/com.nxp.mcuxpresso.tools.win32_11.10.0.202311280810/tools/bin/../lib/gcc/arm-none-eabi/13.2.1/../../../../arm-none-eabi/lib/thumb/v8-m.main+fp/hard\libcr_nohost_nf.a(__sys_remove.o)
 .debug_abbrev  0x000034dd       0x6d C:/appz/nxp/MCUXpressoIDE_11.10.0_3148/ide/plugins/com.nxp.mcuxpresso.tools.win32_11.10.0.202311280810/tools/bin/../lib/gcc/arm-none-eabi/13.2.1/../../../../arm-none-eabi/lib/thumb/v8-m.main+fp/hard\libcr_nohost_nf.a(__sys_seek.o)
 .debug_abbrev  0x0000354a       0x76 C:/appz/nxp/MCUXpressoIDE_11.10.0_3148/ide/plugins/com.nxp.mcuxpresso.tools.win32_11.10.0.202311280810/tools/bin/../lib/gcc/arm-none-eabi/13.2.1/../../../../arm-none-eabi/lib/thumb/v8-m.main+fp/hard\libcr_nohost_nf.a(__sys_tmpnam.o)
 .debug_abbrev  0x000035c0       0x76 C:/appz/nxp/MCUXpressoIDE_11.10.0_3148/ide/plugins/com.nxp.mcuxpresso.tools.win32_11.10.0.202311280810/tools/bin/../lib/gcc/arm-none-eabi/13.2.1/../../../../arm-none-eabi/lib/thumb/v8-m.main+fp/hard\libcr_nohost_nf.a(__sys_write.o)

.debug_aranges  0x00000000      0xd38
 .debug_aranges
                0x00000000       0x28 ./utilities/fsl_assert.o
 .debug_aranges
                0x00000028       0x78 ./utilities/fsl_debug_console.o
 .debug_aranges
                0x000000a0       0x20 ./utilities/fsl_memcpy.o
 .debug_aranges
                0x000000c0      0x268 ./startup/startup_lpc55s69_cm33_core0.o
 .debug_aranges
                0x00000328       0x28 ./source/hello_world.o
 .debug_aranges
                0x00000350       0x20 ./source/semihost_hardfault.o
 .debug_aranges
                0x00000370      0x228 ./drivers/fsl_clock.o
 .debug_aranges
                0x00000598       0x38 ./drivers/fsl_common_arm.o
 .debug_aranges
                0x000005d0       0x90 ./drivers/fsl_flexcomm.o
 .debug_aranges
                0x00000660       0xc8 ./drivers/fsl_power.o
 .debug_aranges
                0x00000728       0x30 ./drivers/fsl_reset.o
 .debug_aranges
                0x00000758      0x108 ./drivers/fsl_usart.o
 .debug_aranges
                0x00000860       0x88 ./device/system_LPC55S69_cm33_core0.o
 .debug_aranges
                0x000008e8       0x58 ./component/uart/fsl_adapter_usart.o
 .debug_aranges
                0x00000940       0x28 ./board/board.o
 .debug_aranges
                0x00000968       0x50 ./board/clock_config.o
 .debug_aranges
                0x000009b8       0x38 ./board/pin_mux.o
 .debug_aranges
                0x000009f0       0x20 C:/appz/nxp/MCUXpressoIDE_11.10.0_3148/ide/plugins/com.nxp.mcuxpresso.tools.win32_11.10.0.202311280810/tools/bin/../lib/gcc/arm-none-eabi/13.2.1/../../../../arm-none-eabi/lib/thumb/v8-m.main+fp/hard\libcr_nohost_nf.a(_cr__main.o)
 .debug_aranges
                0x00000a10       0x20 C:/appz/nxp/MCUXpressoIDE_11.10.0_3148/ide/plugins/com.nxp.mcuxpresso.tools.win32_11.10.0.202311280810/tools/bin/../lib/gcc/arm-none-eabi/13.2.1/../../../../arm-none-eabi/lib/thumb/v8-m.main+fp/hard\libcr_c.a(memset.o)
 .debug_aranges
                0x00000a30       0x40 C:/appz/nxp/MCUXpressoIDE_11.10.0_3148/ide/plugins/com.nxp.mcuxpresso.tools.win32_11.10.0.202311280810/tools/bin/../lib/gcc/arm-none-eabi/13.2.1/../../../../arm-none-eabi/lib/thumb/v8-m.main+fp/hard\libcr_c.a(alloc.o)
 .debug_aranges
                0x00000a70       0x18 C:/appz/nxp/MCUXpressoIDE_11.10.0_3148/ide/plugins/com.nxp.mcuxpresso.tools.win32_11.10.0.202311280810/tools/bin/../lib/gcc/arm-none-eabi/13.2.1/../../../../arm-none-eabi/lib/thumb/v8-m.main+fp/hard\libcr_c.a(errno.o)
 .debug_aranges
                0x00000a88       0x28 C:/appz/nxp/MCUXpressoIDE_11.10.0_3148/ide/plugins/com.nxp.mcuxpresso.tools.win32_11.10.0.202311280810/tools/bin/../lib/gcc/arm-none-eabi/13.2.1/../../../../arm-none-eabi/lib/thumb/v8-m.main+fp/hard\libcr_c.a(initio.o)
 .debug_aranges
                0x00000ab0       0x20 C:/appz/nxp/MCUXpressoIDE_11.10.0_3148/ide/plugins/com.nxp.mcuxpresso.tools.win32_11.10.0.202311280810/tools/bin/../lib/gcc/arm-none-eabi/13.2.1/../../../../arm-none-eabi/lib/thumb/v8-m.main+fp/hard\libcr_c.a(setvbuf.o)
 .debug_aranges
                0x00000ad0       0x20 C:/appz/nxp/MCUXpressoIDE_11.10.0_3148/ide/plugins/com.nxp.mcuxpresso.tools.win32_11.10.0.202311280810/tools/bin/../lib/gcc/arm-none-eabi/13.2.1/../../../../arm-none-eabi/lib/thumb/v8-m.main+fp/hard\libcr_c.a(strlen.o)
 .debug_aranges
                0x00000af0       0x28 C:/appz/nxp/MCUXpressoIDE_11.10.0_3148/ide/plugins/com.nxp.mcuxpresso.tools.win32_11.10.0.202311280810/tools/bin/../lib/gcc/arm-none-eabi/13.2.1/../../../../arm-none-eabi/lib/thumb/v8-m.main+fp/hard\libcr_c.a(_deferredlazyseek.o)
 .debug_aranges
                0x00000b18       0x20 C:/appz/nxp/MCUXpressoIDE_11.10.0_3148/ide/plugins/com.nxp.mcuxpresso.tools.win32_11.10.0.202311280810/tools/bin/../lib/gcc/arm-none-eabi/13.2.1/../../../../arm-none-eabi/lib/thumb/v8-m.main+fp/hard\libcr_c.a(_fdopen.o)
 .debug_aranges
                0x00000b38       0x20 C:/appz/nxp/MCUXpressoIDE_11.10.0_3148/ide/plugins/com.nxp.mcuxpresso.tools.win32_11.10.0.202311280810/tools/bin/../lib/gcc/arm-none-eabi/13.2.1/../../../../arm-none-eabi/lib/thumb/v8-m.main+fp/hard\libcr_c.a(_fflush.o)
 .debug_aranges
                0x00000b58       0x20 C:/appz/nxp/MCUXpressoIDE_11.10.0_3148/ide/plugins/com.nxp.mcuxpresso.tools.win32_11.10.0.202311280810/tools/bin/../lib/gcc/arm-none-eabi/13.2.1/../../../../arm-none-eabi/lib/thumb/v8-m.main+fp/hard\libcr_c.a(_writebuf.o)
 .debug_aranges
                0x00000b78       0x20 C:/appz/nxp/MCUXpressoIDE_11.10.0_3148/ide/plugins/com.nxp.mcuxpresso.tools.win32_11.10.0.202311280810/tools/bin/../lib/gcc/arm-none-eabi/13.2.1/../../../../arm-none-eabi/lib/thumb/v8-m.main+fp/hard\libcr_c.a(fclose.o)
 .debug_aranges
                0x00000b98       0x20 C:/appz/nxp/MCUXpressoIDE_11.10.0_3148/ide/plugins/com.nxp.mcuxpresso.tools.win32_11.10.0.202311280810/tools/bin/../lib/gcc/arm-none-eabi/13.2.1/../../../../arm-none-eabi/lib/thumb/v8-m.main+fp/hard\libcr_c.a(fflush.o)
 .debug_aranges
                0x00000bb8       0x20 C:/appz/nxp/MCUXpressoIDE_11.10.0_3148/ide/plugins/com.nxp.mcuxpresso.tools.win32_11.10.0.202311280810/tools/bin/../lib/gcc/arm-none-eabi/13.2.1/../../../../arm-none-eabi/lib/thumb/v8-m.main+fp/hard\libcr_c.a(fseek.o)
 .debug_aranges
                0x00000bd8       0x20 C:/appz/nxp/MCUXpressoIDE_11.10.0_3148/ide/plugins/com.nxp.mcuxpresso.tools.win32_11.10.0.202311280810/tools/bin/../lib/gcc/arm-none-eabi/13.2.1/../../../../arm-none-eabi/lib/thumb/v8-m.main+fp/hard\libcr_c.a(ftell.o)
 .debug_aranges
                0x00000bf8       0x28 C:/appz/nxp/MCUXpressoIDE_11.10.0_3148/ide/plugins/com.nxp.mcuxpresso.tools.win32_11.10.0.202311280810/tools/bin/../lib/gcc/arm-none-eabi/13.2.1/../../../../arm-none-eabi/lib/thumb/v8-m.main+fp/hard\libcr_c.a(remove.o)
 .debug_aranges
                0x00000c20       0x20 C:/appz/nxp/MCUXpressoIDE_11.10.0_3148/ide/plugins/com.nxp.mcuxpresso.tools.win32_11.10.0.202311280810/tools/bin/../lib/gcc/arm-none-eabi/13.2.1/../../../../arm-none-eabi/lib/thumb/v8-m.main+fp/hard\libcr_c.a(_do_fflush.o)
 .debug_aranges
                0x00000c40       0x18 C:/appz/nxp/MCUXpressoIDE_11.10.0_3148/ide/plugins/com.nxp.mcuxpresso.tools.win32_11.10.0.202311280810/tools/bin/../lib/gcc/arm-none-eabi/13.2.1/../../../../arm-none-eabi/lib/thumb/v8-m.main+fp/hard\libcr_nohost_nf.a(__ciob.o)
 .debug_aranges
                0x00000c58       0x20 C:/appz/nxp/MCUXpressoIDE_11.10.0_3148/ide/plugins/com.nxp.mcuxpresso.tools.win32_11.10.0.202311280810/tools/bin/../lib/gcc/arm-none-eabi/13.2.1/../../../../arm-none-eabi/lib/thumb/v8-m.main+fp/hard\libcr_nohost_nf.a(__sys_close.o)
 .debug_aranges
                0x00000c78       0x20 C:/appz/nxp/MCUXpressoIDE_11.10.0_3148/ide/plugins/com.nxp.mcuxpresso.tools.win32_11.10.0.202311280810/tools/bin/../lib/gcc/arm-none-eabi/13.2.1/../../../../arm-none-eabi/lib/thumb/v8-m.main+fp/hard\libcr_nohost_nf.a(__sys_flen.o)
 .debug_aranges
                0x00000c98       0x20 C:/appz/nxp/MCUXpressoIDE_11.10.0_3148/ide/plugins/com.nxp.mcuxpresso.tools.win32_11.10.0.202311280810/tools/bin/../lib/gcc/arm-none-eabi/13.2.1/../../../../arm-none-eabi/lib/thumb/v8-m.main+fp/hard\libcr_nohost_nf.a(__sys_istty.o)
 .debug_aranges
                0x00000cb8       0x20 C:/appz/nxp/MCUXpressoIDE_11.10.0_3148/ide/plugins/com.nxp.mcuxpresso.tools.win32_11.10.0.202311280810/tools/bin/../lib/gcc/arm-none-eabi/13.2.1/../../../../arm-none-eabi/lib/thumb/v8-m.main+fp/hard\libcr_nohost_nf.a(__sys_remove.o)
 .debug_aranges
                0x00000cd8       0x20 C:/appz/nxp/MCUXpressoIDE_11.10.0_3148/ide/plugins/com.nxp.mcuxpresso.tools.win32_11.10.0.202311280810/tools/bin/../lib/gcc/arm-none-eabi/13.2.1/../../../../arm-none-eabi/lib/thumb/v8-m.main+fp/hard\libcr_nohost_nf.a(__sys_seek.o)
 .debug_aranges
                0x00000cf8       0x20 C:/appz/nxp/MCUXpressoIDE_11.10.0_3148/ide/plugins/com.nxp.mcuxpresso.tools.win32_11.10.0.202311280810/tools/bin/../lib/gcc/arm-none-eabi/13.2.1/../../../../arm-none-eabi/lib/thumb/v8-m.main+fp/hard\libcr_nohost_nf.a(__sys_tmpnam.o)
 .debug_aranges
                0x00000d18       0x20 C:/appz/nxp/MCUXpressoIDE_11.10.0_3148/ide/plugins/com.nxp.mcuxpresso.tools.win32_11.10.0.202311280810/tools/bin/../lib/gcc/arm-none-eabi/13.2.1/../../../../arm-none-eabi/lib/thumb/v8-m.main+fp/hard\libcr_nohost_nf.a(__sys_write.o)

.debug_ranges   0x00000000      0xad8
 .debug_ranges  0x00000000       0x18 ./utilities/fsl_assert.o
 .debug_ranges  0x00000018       0x68 ./utilities/fsl_debug_console.o
 .debug_ranges  0x00000080      0x258 ./startup/startup_lpc55s69_cm33_core0.o
 .debug_ranges  0x000002d8       0x18 ./source/hello_world.o
 .debug_ranges  0x000002f0       0x10 ./source/semihost_hardfault.o
 .debug_ranges  0x00000300      0x218 ./drivers/fsl_clock.o
 .debug_ranges  0x00000518       0x28 ./drivers/fsl_common_arm.o
 .debug_ranges  0x00000540       0x80 ./drivers/fsl_flexcomm.o
 .debug_ranges  0x000005c0       0xb8 ./drivers/fsl_power.o
 .debug_ranges  0x00000678       0x20 ./drivers/fsl_reset.o
 .debug_ranges  0x00000698       0xf8 ./drivers/fsl_usart.o
 .debug_ranges  0x00000790       0x78 ./device/system_LPC55S69_cm33_core0.o
 .debug_ranges  0x00000808       0x48 ./component/uart/fsl_adapter_usart.o
 .debug_ranges  0x00000850       0x18 ./board/board.o
 .debug_ranges  0x00000868       0x40 ./board/clock_config.o
 .debug_ranges  0x000008a8       0x28 ./board/pin_mux.o
 .debug_ranges  0x000008d0       0x10 C:/appz/nxp/MCUXpressoIDE_11.10.0_3148/ide/plugins/com.nxp.mcuxpresso.tools.win32_11.10.0.202311280810/tools/bin/../lib/gcc/arm-none-eabi/13.2.1/../../../../arm-none-eabi/lib/thumb/v8-m.main+fp/hard\libcr_nohost_nf.a(_cr__main.o)
 .debug_ranges  0x000008e0       0x10 C:/appz/nxp/MCUXpressoIDE_11.10.0_3148/ide/plugins/com.nxp.mcuxpresso.tools.win32_11.10.0.202311280810/tools/bin/../lib/gcc/arm-none-eabi/13.2.1/../../../../arm-none-eabi/lib/thumb/v8-m.main+fp/hard\libcr_c.a(memset.o)
 .debug_ranges  0x000008f0       0x48 C:/appz/nxp/MCUXpressoIDE_11.10.0_3148/ide/plugins/com.nxp.mcuxpresso.tools.win32_11.10.0.202311280810/tools/bin/../lib/gcc/arm-none-eabi/13.2.1/../../../../arm-none-eabi/lib/thumb/v8-m.main+fp/hard\libcr_c.a(alloc.o)
 .debug_ranges  0x00000938       0x18 C:/appz/nxp/MCUXpressoIDE_11.10.0_3148/ide/plugins/com.nxp.mcuxpresso.tools.win32_11.10.0.202311280810/tools/bin/../lib/gcc/arm-none-eabi/13.2.1/../../../../arm-none-eabi/lib/thumb/v8-m.main+fp/hard\libcr_c.a(initio.o)
 .debug_ranges  0x00000950       0x10 C:/appz/nxp/MCUXpressoIDE_11.10.0_3148/ide/plugins/com.nxp.mcuxpresso.tools.win32_11.10.0.202311280810/tools/bin/../lib/gcc/arm-none-eabi/13.2.1/../../../../arm-none-eabi/lib/thumb/v8-m.main+fp/hard\libcr_c.a(setvbuf.o)
 .debug_ranges  0x00000960       0x10 C:/appz/nxp/MCUXpressoIDE_11.10.0_3148/ide/plugins/com.nxp.mcuxpresso.tools.win32_11.10.0.202311280810/tools/bin/../lib/gcc/arm-none-eabi/13.2.1/../../../../arm-none-eabi/lib/thumb/v8-m.main+fp/hard\libcr_c.a(strlen.o)
 .debug_ranges  0x00000970       0x30 C:/appz/nxp/MCUXpressoIDE_11.10.0_3148/ide/plugins/com.nxp.mcuxpresso.tools.win32_11.10.0.202311280810/tools/bin/../lib/gcc/arm-none-eabi/13.2.1/../../../../arm-none-eabi/lib/thumb/v8-m.main+fp/hard\libcr_c.a(_deferredlazyseek.o)
 .debug_ranges  0x000009a0       0x10 C:/appz/nxp/MCUXpressoIDE_11.10.0_3148/ide/plugins/com.nxp.mcuxpresso.tools.win32_11.10.0.202311280810/tools/bin/../lib/gcc/arm-none-eabi/13.2.1/../../../../arm-none-eabi/lib/thumb/v8-m.main+fp/hard\libcr_c.a(_fdopen.o)
 .debug_ranges  0x000009b0       0x10 C:/appz/nxp/MCUXpressoIDE_11.10.0_3148/ide/plugins/com.nxp.mcuxpresso.tools.win32_11.10.0.202311280810/tools/bin/../lib/gcc/arm-none-eabi/13.2.1/../../../../arm-none-eabi/lib/thumb/v8-m.main+fp/hard\libcr_c.a(_fflush.o)
 .debug_ranges  0x000009c0       0x10 C:/appz/nxp/MCUXpressoIDE_11.10.0_3148/ide/plugins/com.nxp.mcuxpresso.tools.win32_11.10.0.202311280810/tools/bin/../lib/gcc/arm-none-eabi/13.2.1/../../../../arm-none-eabi/lib/thumb/v8-m.main+fp/hard\libcr_c.a(_writebuf.o)
 .debug_ranges  0x000009d0       0x10 C:/appz/nxp/MCUXpressoIDE_11.10.0_3148/ide/plugins/com.nxp.mcuxpresso.tools.win32_11.10.0.202311280810/tools/bin/../lib/gcc/arm-none-eabi/13.2.1/../../../../arm-none-eabi/lib/thumb/v8-m.main+fp/hard\libcr_c.a(fclose.o)
 .debug_ranges  0x000009e0       0x28 C:/appz/nxp/MCUXpressoIDE_11.10.0_3148/ide/plugins/com.nxp.mcuxpresso.tools.win32_11.10.0.202311280810/tools/bin/../lib/gcc/arm-none-eabi/13.2.1/../../../../arm-none-eabi/lib/thumb/v8-m.main+fp/hard\libcr_c.a(fflush.o)
 .debug_ranges  0x00000a08       0x10 C:/appz/nxp/MCUXpressoIDE_11.10.0_3148/ide/plugins/com.nxp.mcuxpresso.tools.win32_11.10.0.202311280810/tools/bin/../lib/gcc/arm-none-eabi/13.2.1/../../../../arm-none-eabi/lib/thumb/v8-m.main+fp/hard\libcr_c.a(fseek.o)
 .debug_ranges  0x00000a18       0x10 C:/appz/nxp/MCUXpressoIDE_11.10.0_3148/ide/plugins/com.nxp.mcuxpresso.tools.win32_11.10.0.202311280810/tools/bin/../lib/gcc/arm-none-eabi/13.2.1/../../../../arm-none-eabi/lib/thumb/v8-m.main+fp/hard\libcr_c.a(ftell.o)
 .debug_ranges  0x00000a28       0x18 C:/appz/nxp/MCUXpressoIDE_11.10.0_3148/ide/plugins/com.nxp.mcuxpresso.tools.win32_11.10.0.202311280810/tools/bin/../lib/gcc/arm-none-eabi/13.2.1/../../../../arm-none-eabi/lib/thumb/v8-m.main+fp/hard\libcr_c.a(remove.o)
 .debug_ranges  0x00000a40       0x28 C:/appz/nxp/MCUXpressoIDE_11.10.0_3148/ide/plugins/com.nxp.mcuxpresso.tools.win32_11.10.0.202311280810/tools/bin/../lib/gcc/arm-none-eabi/13.2.1/../../../../arm-none-eabi/lib/thumb/v8-m.main+fp/hard\libcr_c.a(_do_fflush.o)
 .debug_ranges  0x00000a68       0x10 C:/appz/nxp/MCUXpressoIDE_11.10.0_3148/ide/plugins/com.nxp.mcuxpresso.tools.win32_11.10.0.202311280810/tools/bin/../lib/gcc/arm-none-eabi/13.2.1/../../../../arm-none-eabi/lib/thumb/v8-m.main+fp/hard\libcr_nohost_nf.a(__sys_close.o)
 .debug_ranges  0x00000a78       0x10 C:/appz/nxp/MCUXpressoIDE_11.10.0_3148/ide/plugins/com.nxp.mcuxpresso.tools.win32_11.10.0.202311280810/tools/bin/../lib/gcc/arm-none-eabi/13.2.1/../../../../arm-none-eabi/lib/thumb/v8-m.main+fp/hard\libcr_nohost_nf.a(__sys_flen.o)
 .debug_ranges  0x00000a88       0x10 C:/appz/nxp/MCUXpressoIDE_11.10.0_3148/ide/plugins/com.nxp.mcuxpresso.tools.win32_11.10.0.202311280810/tools/bin/../lib/gcc/arm-none-eabi/13.2.1/../../../../arm-none-eabi/lib/thumb/v8-m.main+fp/hard\libcr_nohost_nf.a(__sys_istty.o)
 .debug_ranges  0x00000a98       0x10 C:/appz/nxp/MCUXpressoIDE_11.10.0_3148/ide/plugins/com.nxp.mcuxpresso.tools.win32_11.10.0.202311280810/tools/bin/../lib/gcc/arm-none-eabi/13.2.1/../../../../arm-none-eabi/lib/thumb/v8-m.main+fp/hard\libcr_nohost_nf.a(__sys_remove.o)
 .debug_ranges  0x00000aa8       0x10 C:/appz/nxp/MCUXpressoIDE_11.10.0_3148/ide/plugins/com.nxp.mcuxpresso.tools.win32_11.10.0.202311280810/tools/bin/../lib/gcc/arm-none-eabi/13.2.1/../../../../arm-none-eabi/lib/thumb/v8-m.main+fp/hard\libcr_nohost_nf.a(__sys_seek.o)
 .debug_ranges  0x00000ab8       0x10 C:/appz/nxp/MCUXpressoIDE_11.10.0_3148/ide/plugins/com.nxp.mcuxpresso.tools.win32_11.10.0.202311280810/tools/bin/../lib/gcc/arm-none-eabi/13.2.1/../../../../arm-none-eabi/lib/thumb/v8-m.main+fp/hard\libcr_nohost_nf.a(__sys_tmpnam.o)
 .debug_ranges  0x00000ac8       0x10 C:/appz/nxp/MCUXpressoIDE_11.10.0_3148/ide/plugins/com.nxp.mcuxpresso.tools.win32_11.10.0.202311280810/tools/bin/../lib/gcc/arm-none-eabi/13.2.1/../../../../arm-none-eabi/lib/thumb/v8-m.main+fp/hard\libcr_nohost_nf.a(__sys_write.o)

.debug_macro    0x00000000    0x16dc6
 .debug_macro   0x00000000      0x157 ./utilities/fsl_assert.o
 .debug_macro   0x00000157      0xb14 ./utilities/fsl_assert.o
 .debug_macro   0x00000c6b       0x10 ./utilities/fsl_assert.o
 .debug_macro   0x00000c7b       0x1c ./utilities/fsl_assert.o
 .debug_macro   0x00000c97       0x22 ./utilities/fsl_assert.o
 .debug_macro   0x00000cb9      0x12e ./utilities/fsl_assert.o
 .debug_macro   0x00000de7      0x5b3 ./utilities/fsl_assert.o
 .debug_macro   0x0000139a       0x22 ./utilities/fsl_assert.o
 .debug_macro   0x000013bc       0x10 ./utilities/fsl_assert.o
 .debug_macro   0x000013cc       0x46 ./utilities/fsl_assert.o
 .debug_macro   0x00001412       0x1c ./utilities/fsl_assert.o
 .debug_macro   0x0000142e       0x29 ./utilities/fsl_assert.o
 .debug_macro   0x00001457       0xfb ./utilities/fsl_assert.o
 .debug_macro   0x00001552     0x1685 ./utilities/fsl_assert.o
 .debug_macro   0x00002bd7       0x5e ./utilities/fsl_assert.o
 .debug_macro   0x00002c35       0x2e ./utilities/fsl_assert.o
 .debug_macro   0x00002c63    0x116e8 ./utilities/fsl_assert.o
 .debug_macro   0x0001434b      0x4f1 ./utilities/fsl_assert.o
 .debug_macro   0x0001483c       0x88 ./utilities/fsl_assert.o
 .debug_macro   0x000148c4       0xaf ./utilities/fsl_assert.o
 .debug_macro   0x00014973      0x2ca ./utilities/fsl_assert.o
 .debug_macro   0x00014c3d       0x16 ./utilities/fsl_assert.o
 .debug_macro   0x00014c53      0x11f ./utilities/fsl_assert.o
 .debug_macro   0x00014d72       0x1c ./utilities/fsl_assert.o
 .debug_macro   0x00014d8e       0x1c ./utilities/fsl_assert.o
 .debug_macro   0x00014daa       0x3a ./utilities/fsl_assert.o
 .debug_macro   0x00014de4      0x17d ./utilities/fsl_debug_console.o
 .debug_macro   0x00014f61       0x16 ./utilities/fsl_debug_console.o
 .debug_macro   0x00014f77       0x10 ./utilities/fsl_debug_console.o
 .debug_macro   0x00014f87       0x28 ./utilities/fsl_debug_console.o
 .debug_macro   0x00014faf       0xc4 ./utilities/fsl_debug_console.o
 .debug_macro   0x00015073       0x16 ./utilities/fsl_debug_console.o
 .debug_macro   0x00015089       0x47 ./utilities/fsl_debug_console.o
 .debug_macro   0x000150d0       0x29 ./startup/startup_lpc55s69_cm33_core0.o
 .debug_macro   0x000150f9      0x19d ./source/hello_world.o
 .debug_macro   0x00015296       0x3a ./source/hello_world.o
 .debug_macro   0x000152d0       0x35 ./source/hello_world.o
 .debug_macro   0x00015305       0x10 ./source/hello_world.o
 .debug_macro   0x00015315       0xfe ./source/hello_world.o
 .debug_macro   0x00015413      0x1f0 ./source/hello_world.o
 .debug_macro   0x00015603      0x304 ./source/hello_world.o
 .debug_macro   0x00015907       0x11 ./source/semihost_hardfault.o
 .debug_macro   0x00015918      0x1db ./drivers/fsl_clock.o
 .debug_macro   0x00015af3      0x13c ./drivers/fsl_common_arm.o
 .debug_macro   0x00015c2f      0x145 ./drivers/fsl_flexcomm.o
 .debug_macro   0x00015d74       0x10 ./drivers/fsl_flexcomm.o
 .debug_macro   0x00015d84      0x410 ./drivers/fsl_power.o
 .debug_macro   0x00016194      0x13c ./drivers/fsl_reset.o
 .debug_macro   0x000162d0      0x154 ./drivers/fsl_usart.o
 .debug_macro   0x00016424       0x1c ./drivers/fsl_usart.o
 .debug_macro   0x00016440       0xc1 ./device/system_LPC55S69_cm33_core0.o
 .debug_macro   0x00016501      0x151 ./component/uart/fsl_adapter_usart.o
 .debug_macro   0x00016652       0x22 ./component/uart/fsl_adapter_usart.o
 .debug_macro   0x00016674      0x181 ./board/board.o
 .debug_macro   0x000167f5      0x15c ./board/clock_config.o
 .debug_macro   0x00016951      0x2fe ./board/clock_config.o
 .debug_macro   0x00016c4f       0x2f ./board/clock_config.o
 .debug_macro   0x00016c7e      0x148 ./board/pin_mux.o

.debug_line     0x00000000     0x902f
 .debug_line    0x00000000      0x3dc ./utilities/fsl_assert.o
 .debug_line    0x000003dc      0x87b ./utilities/fsl_debug_console.o
 .debug_line    0x00000c57       0x89 ./utilities/fsl_memcpy.o
 .debug_line    0x00000ce0      0x794 ./startup/startup_lpc55s69_cm33_core0.o
 .debug_line    0x00001474      0x4d1 ./source/hello_world.o
 .debug_line    0x00001945       0x59 ./source/semihost_hardfault.o
 .debug_line    0x0000199e     0x17bc ./drivers/fsl_clock.o
 .debug_line    0x0000315a      0x3d6 ./drivers/fsl_common_arm.o
 .debug_line    0x00003530      0x609 ./drivers/fsl_flexcomm.o
 .debug_line    0x00003b39      0xee6 ./drivers/fsl_power.o
 .debug_line    0x00004a1f      0x3da ./drivers/fsl_reset.o
 .debug_line    0x00004df9     0x1039 ./drivers/fsl_usart.o
 .debug_line    0x00005e32      0x6c2 ./device/system_LPC55S69_cm33_core0.o
 .debug_line    0x000064f4      0x57e ./component/uart/fsl_adapter_usart.o
 .debug_line    0x00006a72      0x43b ./board/board.o
 .debug_line    0x00006ead      0x4b9 ./board/clock_config.o
 .debug_line    0x00007366      0x410 ./board/pin_mux.o
 .debug_line    0x00007776       0xc4 C:/appz/nxp/MCUXpressoIDE_11.10.0_3148/ide/plugins/com.nxp.mcuxpresso.tools.win32_11.10.0.202311280810/tools/bin/../lib/gcc/arm-none-eabi/13.2.1/../../../../arm-none-eabi/lib/thumb/v8-m.main+fp/hard\libcr_nohost_nf.a(_cr__main.o)
 .debug_line    0x0000783a       0x7b C:/appz/nxp/MCUXpressoIDE_11.10.0_3148/ide/plugins/com.nxp.mcuxpresso.tools.win32_11.10.0.202311280810/tools/bin/../lib/gcc/arm-none-eabi/13.2.1/../../../../arm-none-eabi/lib/thumb/v8-m.main+fp/hard\libcr_c.a(memset.o)
 .debug_line    0x000078b5      0x37d C:/appz/nxp/MCUXpressoIDE_11.10.0_3148/ide/plugins/com.nxp.mcuxpresso.tools.win32_11.10.0.202311280810/tools/bin/../lib/gcc/arm-none-eabi/13.2.1/../../../../arm-none-eabi/lib/thumb/v8-m.main+fp/hard\libcr_c.a(alloc.o)
 .debug_line    0x00007c32       0x4e C:/appz/nxp/MCUXpressoIDE_11.10.0_3148/ide/plugins/com.nxp.mcuxpresso.tools.win32_11.10.0.202311280810/tools/bin/../lib/gcc/arm-none-eabi/13.2.1/../../../../arm-none-eabi/lib/thumb/v8-m.main+fp/hard\libcr_c.a(errno.o)
 .debug_line    0x00007c80      0x149 C:/appz/nxp/MCUXpressoIDE_11.10.0_3148/ide/plugins/com.nxp.mcuxpresso.tools.win32_11.10.0.202311280810/tools/bin/../lib/gcc/arm-none-eabi/13.2.1/../../../../arm-none-eabi/lib/thumb/v8-m.main+fp/hard\libcr_c.a(initio.o)
 .debug_line    0x00007dc9       0xec C:/appz/nxp/MCUXpressoIDE_11.10.0_3148/ide/plugins/com.nxp.mcuxpresso.tools.win32_11.10.0.202311280810/tools/bin/../lib/gcc/arm-none-eabi/13.2.1/../../../../arm-none-eabi/lib/thumb/v8-m.main+fp/hard\libcr_c.a(setvbuf.o)
 .debug_line    0x00007eb5      0x109 C:/appz/nxp/MCUXpressoIDE_11.10.0_3148/ide/plugins/com.nxp.mcuxpresso.tools.win32_11.10.0.202311280810/tools/bin/../lib/gcc/arm-none-eabi/13.2.1/../../../../arm-none-eabi/lib/thumb/v8-m.main+fp/hard\libcr_c.a(strlen.o)
 .debug_line    0x00007fbe      0x2e9 C:/appz/nxp/MCUXpressoIDE_11.10.0_3148/ide/plugins/com.nxp.mcuxpresso.tools.win32_11.10.0.202311280810/tools/bin/../lib/gcc/arm-none-eabi/13.2.1/../../../../arm-none-eabi/lib/thumb/v8-m.main+fp/hard\libcr_c.a(_deferredlazyseek.o)
 .debug_line    0x000082a7      0x11c C:/appz/nxp/MCUXpressoIDE_11.10.0_3148/ide/plugins/com.nxp.mcuxpresso.tools.win32_11.10.0.202311280810/tools/bin/../lib/gcc/arm-none-eabi/13.2.1/../../../../arm-none-eabi/lib/thumb/v8-m.main+fp/hard\libcr_c.a(_fdopen.o)
 .debug_line    0x000083c3      0x11f C:/appz/nxp/MCUXpressoIDE_11.10.0_3148/ide/plugins/com.nxp.mcuxpresso.tools.win32_11.10.0.202311280810/tools/bin/../lib/gcc/arm-none-eabi/13.2.1/../../../../arm-none-eabi/lib/thumb/v8-m.main+fp/hard\libcr_c.a(_fflush.o)
 .debug_line    0x000084e2      0x12d C:/appz/nxp/MCUXpressoIDE_11.10.0_3148/ide/plugins/com.nxp.mcuxpresso.tools.win32_11.10.0.202311280810/tools/bin/../lib/gcc/arm-none-eabi/13.2.1/../../../../arm-none-eabi/lib/thumb/v8-m.main+fp/hard\libcr_c.a(_writebuf.o)
 .debug_line    0x0000860f      0x10f C:/appz/nxp/MCUXpressoIDE_11.10.0_3148/ide/plugins/com.nxp.mcuxpresso.tools.win32_11.10.0.202311280810/tools/bin/../lib/gcc/arm-none-eabi/13.2.1/../../../../arm-none-eabi/lib/thumb/v8-m.main+fp/hard\libcr_c.a(fclose.o)
 .debug_line    0x0000871e       0xe1 C:/appz/nxp/MCUXpressoIDE_11.10.0_3148/ide/plugins/com.nxp.mcuxpresso.tools.win32_11.10.0.202311280810/tools/bin/../lib/gcc/arm-none-eabi/13.2.1/../../../../arm-none-eabi/lib/thumb/v8-m.main+fp/hard\libcr_c.a(fflush.o)
 .debug_line    0x000087ff      0x232 C:/appz/nxp/MCUXpressoIDE_11.10.0_3148/ide/plugins/com.nxp.mcuxpresso.tools.win32_11.10.0.202311280810/tools/bin/../lib/gcc/arm-none-eabi/13.2.1/../../../../arm-none-eabi/lib/thumb/v8-m.main+fp/hard\libcr_c.a(fseek.o)
 .debug_line    0x00008a31      0x10a C:/appz/nxp/MCUXpressoIDE_11.10.0_3148/ide/plugins/com.nxp.mcuxpresso.tools.win32_11.10.0.202311280810/tools/bin/../lib/gcc/arm-none-eabi/13.2.1/../../../../arm-none-eabi/lib/thumb/v8-m.main+fp/hard\libcr_c.a(ftell.o)
 .debug_line    0x00008b3b       0xec C:/appz/nxp/MCUXpressoIDE_11.10.0_3148/ide/plugins/com.nxp.mcuxpresso.tools.win32_11.10.0.202311280810/tools/bin/../lib/gcc/arm-none-eabi/13.2.1/../../../../arm-none-eabi/lib/thumb/v8-m.main+fp/hard\libcr_c.a(remove.o)
 .debug_line    0x00008c27       0xfc C:/appz/nxp/MCUXpressoIDE_11.10.0_3148/ide/plugins/com.nxp.mcuxpresso.tools.win32_11.10.0.202311280810/tools/bin/../lib/gcc/arm-none-eabi/13.2.1/../../../../arm-none-eabi/lib/thumb/v8-m.main+fp/hard\libcr_c.a(_do_fflush.o)